###############################################################################
#
# IAR ELF Linker V9.10.2.313/W64 for ARM                  06/Aug/2021  18:03:02
# Copyright 2007-2021 IAR Systems AB.
#
#    Output file  =
#        D:\Users\Default\햞ea de
#        Trabalho\Github\TM4C1294_RTOS_IAR9\Projects\blinky\ewarm\Exe\blinky.out
#    Map file     =
#        D:\Users\Default\햞ea de
#        Trabalho\Github\TM4C1294_RTOS_IAR9\Projects\blinky\ewarm\List\blinky.map
#    Command line =
#        -f "D:\Users\Default\햞ea de
#        Trabalho\Github\TM4C1294_RTOS_IAR9\Projects\blinky\ewarm\Exe\blinky.out.rsp"
#        ("D:\Users\Default\햞ea de
#        Trabalho\Github\TM4C1294_RTOS_IAR9\Projects\blinky\ewarm\Obj\blinky.o"
#        "D:\Users\Default\햞ea de
#        Trabalho\Github\TM4C1294_RTOS_IAR9\Projects\blinky\ewarm\Obj\driverbuttons.o"
#        "D:\Users\Default\햞ea de
#        Trabalho\Github\TM4C1294_RTOS_IAR9\Projects\blinky\ewarm\Obj\driverleds.o"
#        "D:\Users\Default\햞ea de
#        Trabalho\Github\TM4C1294_RTOS_IAR9\TivaWare_C_Series-2.1.4.178\driverlib\ewarm\Exe\driverlib.a"
#        "D:\Users\Default\햞ea de
#        Trabalho\Github\TM4C1294_RTOS_IAR9\CMSIS-5.6.0\CMSIS\RTOS2\RTX\Library\IAR\IDE\CM4F\Exe\RTX_CM.a"
#        "D:\Users\Default\햞ea de
#        Trabalho\Github\TM4C1294_RTOS_IAR9\Projects\blinky\ewarm\Obj\RTX_Config.o"
#        "D:\Users\Default\햞ea de
#        Trabalho\Github\TM4C1294_RTOS_IAR9\Projects\blinky\ewarm\Obj\rtx_lib.o"
#        "D:\Users\Default\햞ea de
#        Trabalho\Github\TM4C1294_RTOS_IAR9\Projects\blinky\ewarm\Obj\startup_TM4C1294.o"
#        "D:\Users\Default\햞ea de
#        Trabalho\Github\TM4C1294_RTOS_IAR9\Projects\blinky\ewarm\Obj\system_TM4C1294_TW.o"
#        --no_out_extension -o "D:\Users\Default\햞ea de
#        Trabalho\Github\TM4C1294_RTOS_IAR9\Projects\blinky\ewarm\Exe\blinky.out"
#        --map "D:\Users\Default\햞ea de
#        Trabalho\Github\TM4C1294_RTOS_IAR9\Projects\blinky\ewarm\List\blinky.map"
#        --config "C:\Program Files\IAR Systems\Embedded Workbench
#        9.0\arm\config\linker\TexasInstruments\TM4C1294NC.icf" --semihosting
#        --entry __iar_program_start --vfe --text_out locale)
#
###############################################################################

*******************************************************************************
*** RUNTIME MODEL ATTRIBUTES
***

CppFlavor       = *
__SystemLibrary = DLib
__dlib_version  = 6


*******************************************************************************
*** HEAP SELECTION
***

The basic heap was selected because some modules are built with
size limitations (and not runtime checking), and --advanced_heap
was not specified.


*******************************************************************************
*** PLACEMENT SUMMARY
***

"A0":  place at address 0x0 { ro section .intvec };
"P1":  place in [from 0x0 to 0xf'ffff] { ro };
define block CSTACK with size = 32K, alignment = 8 { };
define block HEAP with size = 64K, alignment = 8 { };
"P2":  place in [from 0x2000'0000 to 0x2003'ffff] {
          rw, block CSTACK, block HEAP };
initialize by copy { rw };

  Section                Kind         Address    Size  Object
  -------                ----         -------    ----  ------
"A0":                                           0x3c0
  .intvec                ro code          0x0   0x3c0  startup_TM4C1294.o [1]
                                      - 0x3c0   0x3c0

"P1":                                          0x2c73
  .text                  ro code        0x3c0   0x7e0  rtx_thread.o [2]
  .text                  ro code        0xba0     0x2  rtx_evr.o [2]
  .text                  ro code        0xba2     0x2  rtx_evr.o [2]
  .text                  ro code        0xba4     0x2  rtx_evr.o [2]
  .text                  ro code        0xba6     0x2  rtx_evr.o [2]
  .text                  ro code        0xba8     0x2  rtx_evr.o [2]
  .text                  ro code        0xbaa     0x2  rtx_evr.o [2]
  .text                  ro code        0xbac     0x2  rtx_evr.o [2]
  .text                  ro code        0xbae     0x2  rtx_evr.o [2]
  .text                  ro code        0xbb0     0x2  rtx_evr.o [2]
  .text                  ro code        0xbb2     0x2  rtx_evr.o [2]
  .text                  ro code        0xbb4    0x28  rtx_thread.o [2]
  .text                  ro code        0xbdc     0x2  rtx_evr.o [2]
  .text                  ro code        0xbde     0x2  rtx_evr.o [2]
  .text                  ro code        0xbe0     0x2  rtx_evr.o [2]
  .text                  ro code        0xbe2    0x3a  packbits_init_single.o [5]
  .text                  ro code        0xc1c    0xe6  rtx_mempool.o [2]
  .text                  ro code        0xd02     0x2  rtx_evr.o [2]
  .text                  ro code        0xd04    0x84  rtx_memory.o [2]
  .text                  ro code        0xd88     0x6  ABImemclr4.o [5]
  .text                  ro code        0xd8e     0x2  rtx_evr.o [2]
  .text                  ro code        0xd90    0x4a  rtx_memory.o [2]
  .text                  ro code        0xdda     0x2  RTX_Config.o [1]
  .text                  ro code        0xddc   0x28c  rtx_mutex.o [2]
  .text                  ro code       0x1068     0x2  rtx_evr.o [2]
  .text                  ro code       0x106a     0x2  rtx_evr.o [2]
  .text                  ro code       0x106c     0x2  rtx_evr.o [2]
  .text                  ro code       0x106e     0x2  rtx_evr.o [2]
  .text                  ro code       0x1070     0x2  rtx_evr.o [2]
  .text                  ro code       0x1072     0x2  RTX_Config.o [1]
  .text                  ro code       0x1074     0x2  rtx_evr.o [2]
  .text                  ro code       0x1076     0x2  rtx_evr.o [2]
  .text                  ro code       0x1078     0x2  rtx_evr.o [2]
  .text                  ro code       0x107a     0x2  rtx_evr.o [2]
  .text                  ro code       0x107c    0x32  ABImemset48.o [5]
  .text                  ro code       0x10ae     0x2  rtx_evr.o [2]
  .text                  ro code       0x10b0     0x2  rtx_evr.o [2]
  .text                  ro code       0x10b2     0x2  rtx_evr.o [2]
  .text                  ro code       0x10b4     0x2  rtx_evr.o [2]
  .text                  ro code       0x10b6     0x2  rtx_evr.o [2]
  .text                  ro code       0x10b8     0x2  rtx_evr.o [2]
  .text                  ro code       0x10ba     0x2  rtx_evr.o [2]
  .text                  ro code       0x10bc     0x2  rtx_evr.o [2]
  .text                  ro code       0x10be     0x2  startup_TM4C1294.o [1]
  .text                  ro code       0x10c0   0x6f0  rtx_msgqueue.o [2]
  .text                  ro code       0x17b0    0xa6  ABImemcpy.o [5]
  .text                  ro code       0x1856     0x2  rtx_evr.o [2]
  .text                  ro code       0x1858     0x2  rtx_evr.o [2]
  .text                  ro code       0x185a     0x2  rtx_evr.o [2]
  .text                  ro code       0x185c     0x6  ABImemclr.o [5]
  .text                  ro code       0x1862     0x2  rtx_evr.o [2]
  .text                  ro code       0x1864     0x2  rtx_evr.o [2]
  .text                  ro code       0x1866     0x2  rtx_evr.o [2]
  .text                  ro code       0x1868     0x2  rtx_evr.o [2]
  .text                  ro code       0x186a     0x2  rtx_evr.o [2]
  .text                  ro code       0x186c     0x2  rtx_evr.o [2]
  .text                  ro code       0x186e     0x2  rtx_evr.o [2]
  .text                  ro code       0x1870     0x2  rtx_evr.o [2]
  .text                  ro code       0x1872     0x2  rtx_evr.o [2]
  .text                  ro code       0x1874   0x174  rtx_system.o [2]
  .text                  ro code       0x19e8     0x2  rtx_evr.o [2]
  .text                  ro code       0x19ea     0x2  rtx_evr.o [2]
  .text                  ro code       0x19ec    0x5e  ABImemset.o [5]
  .text                  ro code       0x1a4c     0xc  os_systick.o [2]
  .text                  ro code       0x1a58   0x2c8  blinky.o [1]
  .text                  ro code       0x1d20   0x1e0  gpio.o [4]
  .text                  ro code       0x1f00    0xc0  driverbuttons.o [1]
  .text                  ro code       0x1fc0   0x14c  driverleds.o [1]
  .text                  ro code       0x210c   0x280  rtx_timer.o [2]
  .text                  ro code       0x238c   0x2c8  rtx_kernel.o [2]
  .text                  ro code       0x2654    0x7c  rtx_delay.o [2]
  .text                  ro code       0x26d0   0x2a0  sysctl.o [4]
  .text                  ro code       0x2970    0x70  interrupt.o [4]
  .text                  ro code       0x29e0     0x2  rtx_evr.o [2]
  .text                  ro code       0x29e2     0x2  rtx_evr.o [2]
  .text                  ro code       0x29e4     0x2  rtx_evr.o [2]
  .text                  ro code       0x29e6     0x2  rtx_evr.o [2]
  .text                  ro code       0x29e8     0x2  rtx_evr.o [2]
  .text                  ro code       0x29ea     0x2  rtx_evr.o [2]
  .text                  ro code       0x29ec     0x2  rtx_evr.o [2]
  .text                  ro code       0x29ee    0x44  rtx_memory.o [2]
  .text                  ro code       0x2a32     0x2  rtx_evr.o [2]
  .text                  ro code       0x2a34     0x2  rtx_evr.o [2]
  .text                  ro code       0x2a38    0x40  os_systick.o [2]
  .text                  ro code       0x2a78     0x6  os_systick.o [2]
  .text                  ro code       0x2a80    0x2c  os_systick.o [2]
  .text                  ro code       0x2aac     0x2  rtx_evr.o [2]
  .text                  ro code       0x2aae     0x2  rtx_lib.o [1]
  .text                  ro code       0x2ab0     0x2  rtx_evr.o [2]
  .text                  ro code       0x2ab2     0x2  rtx_evr.o [2]
  .text                  ro code       0x2ab4     0x2  rtx_evr.o [2]
  .text                  ro code       0x2ab6     0x2  rtx_evr.o [2]
  .text                  ro code       0x2ab8     0x2  rtx_evr.o [2]
  .text                  ro code       0x2aba     0x2  rtx_evr.o [2]
  .text                  ro code       0x2abc     0x2  rtx_evr.o [2]
  .rodata                const         0x2ac0   0x1b0  sysctl.o [4]
  .text                  ro code       0x2c70    0xc4  irq_cm4f.o [2]
  .rodata                const         0x2d34    0x6c  sysctl.o [4]
  .rodata                const         0x2da0    0x68  rtx_lib.o [1]
  .text                  ro code       0x2e08    0x44  rtx_timer.o [2]
  .text                  ro code       0x2e4c     0x2  rtx_evr.o [2]
  .text                  ro code       0x2e4e    0x38  zero_init3.o [5]
  .rodata                const         0x2e88    0x30  sysctl.o [4]
  .text                  ro code       0x2eb8    0x2c  system_TM4C1294_TW.o [1]
  .text                  ro code       0x2ee4    0x28  data_init.o [5]
  .rodata                const         0x2f0c    0x24  rtx_lib.o [1]
  .rodata                const         0x2f30    0x24  rtx_lib.o [1]
  .iar.init_table        const         0x2f54    0x20  - Linker created -
  .text                  ro code       0x2f74    0x1e  cmain.o [5]
  .text                  ro code       0x2f92     0x4  low_level_init.o [3]
  .text                  ro code       0x2f96     0x4  exit.o [3]
  .text                  ro code       0x2f9c     0xa  cexit.o [5]
  .text                  ro code       0x2fa8    0x14  exit.o [6]
  .text                  ro code       0x2fbc    0x1c  cstartup_M.o [5]
  .text                  ro code       0x2fd8    0x14  startup_TM4C1294.o [1]
  .rodata                const         0x2fec    0x18  rtx_lib.o [1]
  .rodata                const         0x3004     0x4  rtx_lib.o [1]
  .rodata                const         0x3008     0x0  zero_init3.o [5]
  .rodata                const         0x3008     0x0  packbits_init_single.o [5]
  Initializer bytes      const         0x3008    0x2b  <for P2-1>
                                     - 0x3033  0x2c73

"P2", part 1 of 3:                               0xd4
  P2-1                            0x2000'0000    0xd4  <Init block>
    .data.os             inited   0x2000'0000    0xa4  rtx_kernel.o [2]
    .data.os.thread.mpi  inited   0x2000'00a4    0x18  rtx_lib.o [1]
    .data.os.thread.mpi  inited   0x2000'00bc    0x18  rtx_lib.o [1]
                                - 0x2000'00d4    0xd4

"P2", part 2 of 3:                             0x1e78
  .bss.os                zero     0x2000'00d8  0x1000  rtx_lib.o [1]
  .bss.os.thread.stack   zero     0x2000'10d8   0x960  rtx_lib.o [1]
  .bss.os.thread.cb      zero     0x2000'1a38   0x198  rtx_lib.o [1]
  .bss.os.thread.stack   zero     0x2000'1bd0   0x100  rtx_lib.o [1]
  .bss.os.thread.stack   zero     0x2000'1cd0   0x100  rtx_lib.o [1]
  .bss.os.msgqueue.mem   zero     0x2000'1dd0    0x50  rtx_lib.o [1]
  .bss.os.thread.cb      zero     0x2000'1e20    0x44  rtx_lib.o [1]
  .bss.os.thread.cb      zero     0x2000'1e64    0x44  rtx_lib.o [1]
  .bss.os                zero     0x2000'1ea8    0x40  rtx_lib.o [1]
  .bss.os.msgqueue.cb    zero     0x2000'1ee8    0x34  rtx_lib.o [1]
  .bss                   zero     0x2000'1f1c    0x28  blinky.o [1]
  .bss                   zero     0x2000'1f44     0x4  blinky.o [1]
  .bss                   zero     0x2000'1f48     0x1  os_systick.o [2]
                                - 0x2000'1f49  0x1e75

"P2", part 3 of 3:                             0x8004
  .noinit                uninit   0x2000'1f4c     0x4  system_TM4C1294_TW.o [1]
  CSTACK                          0x2000'1f50  0x8000  <Block>
    CSTACK               uninit   0x2000'1f50  0x8000  <Block tail>
                                - 0x2000'9f50  0x8004

Unused ranges:

         From           To      Size
         ----           --      ----
       0x3033     0xf'ffff  0xf'cfcd
  0x2000'9f50  0x2003'ffff  0x3'60b0


*******************************************************************************
*** INIT TABLE
***

          Address      Size
          -------      ----
Zero (__iar_zero_init3)
    1 destination range, total size 0x1e71:
          0x2000'00d8  0x1e71

Copy/packbits (__iar_packbits_init_single3)
    1 source range, total size 0x2b (20% of destination):
               0x3008    0x2b
    1 destination range, total size 0xd4:
          0x2000'0000    0xd4



*******************************************************************************
*** MODULE SUMMARY
***

    Module                  ro code  ro data  rw data
    ------                  -------  -------  -------
command line/config:
    -------------------------------------------------
    Total:

D:\Users\Default\햞ea de Trabalho\Github\TM4C1294_RTOS_IAR9\Projects\blinky\ewarm\Obj: [1]
    RTX_Config.o                  4
    blinky.o                    712                44
    driverbuttons.o             192
    driverleds.o                332
    rtx_lib.o                     2      214    7'796
    startup_TM4C1294.o          982
    system_TM4C1294_TW.o         44                 4
    -------------------------------------------------
    Total:                    2'268      214    7'844

RTX_CM.a: [2]
    irq_cm4f.o                  196
    os_systick.o                126                 1
    rtx_delay.o                 124
    rtx_evr.o                   128
    rtx_kernel.o                712       33      164
    rtx_memory.o                274
    rtx_mempool.o               230
    rtx_msgqueue.o            1'776
    rtx_mutex.o                 652
    rtx_system.o                372
    rtx_thread.o              2'056
    rtx_timer.o                 708
    -------------------------------------------------
    Total:                    7'354       33      165

dl7M_tln.a: [3]
    exit.o                        4
    low_level_init.o              4
    -------------------------------------------------
    Total:                        8

driverlib.a: [4]
    gpio.o                      480
    interrupt.o                 112
    sysctl.o                    672      588
    -------------------------------------------------
    Total:                    1'264      588

rt7M_tl.a: [5]
    ABImemclr.o                   6
    ABImemclr4.o                  6
    ABImemcpy.o                 166
    ABImemset.o                  94
    ABImemset48.o                50
    cexit.o                      10
    cmain.o                      30
    cstartup_M.o                 28
    data_init.o                  40
    packbits_init_single.o       58
    zero_init3.o                 56
    -------------------------------------------------
    Total:                      544

shb_l.a: [6]
    exit.o                       20
    -------------------------------------------------
    Total:                       20

    Gaps                         10        4        4
    Linker created                        32   32'768
-----------------------------------------------------
    Grand Total:             11'468      871   40'781


*******************************************************************************
*** ENTRY LIST
***

Entry                       Address    Size  Type      Object
-----                       -------    ----  ----      ------
.iar.init_table$$Base        0x2f54           --   Gb  - Linker created -
.iar.init_table$$Limit       0x2f74           --   Gb  - Linker created -
?main                        0x2f75          Code  Gb  cmain.o [5]
ButtonInit                   0x1f01    0x50  Code  Gb  driverbuttons.o [1]
ButtonIntClear               0x1f95    0x24  Code  Gb  driverbuttons.o [1]
ButtonIntEnable              0x1f51    0x44  Code  Gb  driverbuttons.o [1]
CSTACK$$Base            0x2000'1f50           --   Gb  - Linker created -
CSTACK$$Limit           0x2000'9f50           --   Gb  - Linker created -
EvrRtxDelayCompleted          0xba1     0x2  Code  Gb  rtx_evr.o [2]
EvrRtxDelayError             0x2ab7     0x2  Code  Gb  rtx_evr.o [2]
EvrRtxDelayUntil             0x2abb     0x2  Code  Gb  rtx_evr.o [2]
EvrRtxDelayUntilStarted
                             0x2ab9     0x2  Code  Gb  rtx_evr.o [2]
EvrRtxEventFlagsWaitTimeout
                              0xba5     0x2  Code  Gb  rtx_evr.o [2]
EvrRtxKernelError            0x29ed     0x2  Code  Gb  rtx_evr.o [2]
EvrRtxKernelGetState         0x2a35     0x2  Code  Gb  rtx_evr.o [2]
EvrRtxKernelGetTickCount
                             0x2ab5     0x2  Code  Gb  rtx_evr.o [2]
EvrRtxKernelInitialize       0x2ab1     0x2  Code  Gb  rtx_evr.o [2]
EvrRtxKernelInitialized
                             0x2a33     0x2  Code  Gb  rtx_evr.o [2]
EvrRtxKernelStart            0x2ab3     0x2  Code  Gb  rtx_evr.o [2]
EvrRtxKernelStarted          0x2aad     0x2  Code  Gb  rtx_evr.o [2]
EvrRtxMemoryAlloc            0x107b     0x2  Code  Gb  rtx_evr.o [2]
EvrRtxMemoryBlockAlloc       0x1077     0x2  Code  Gb  rtx_evr.o [2]
EvrRtxMemoryBlockFree        0x1079     0x2  Code  Gb  rtx_evr.o [2]
EvrRtxMemoryBlockInit        0x1075     0x2  Code  Gb  rtx_evr.o [2]
EvrRtxMemoryFree             0x10af     0x2  Code  Gb  rtx_evr.o [2]
EvrRtxMemoryInit             0x2abd     0x2  Code  Gb  rtx_evr.o [2]
EvrRtxMemoryPoolAllocTimeout
                              0xbab     0x2  Code  Gb  rtx_evr.o [2]
EvrRtxMessageQueueCreated
                             0x1863     0x2  Code  Gb  rtx_evr.o [2]
EvrRtxMessageQueueError
                             0x185b     0x2  Code  Gb  rtx_evr.o [2]
EvrRtxMessageQueueGet        0x19eb     0x2  Code  Gb  rtx_evr.o [2]
EvrRtxMessageQueueGetCount
                             0x186d     0x2  Code  Gb  rtx_evr.o [2]
EvrRtxMessageQueueGetPending
                             0x1869     0x2  Code  Gb  rtx_evr.o [2]
EvrRtxMessageQueueGetSpace
                             0x186f     0x2  Code  Gb  rtx_evr.o [2]
EvrRtxMessageQueueGetTimeout
                              0xbad     0x2  Code  Gb  rtx_evr.o [2]
EvrRtxMessageQueueInsertPending
                             0x19e9     0x2  Code  Gb  rtx_evr.o [2]
EvrRtxMessageQueueInserted
                             0x1857     0x2  Code  Gb  rtx_evr.o [2]
EvrRtxMessageQueueNew        0x1871     0x2  Code  Gb  rtx_evr.o [2]
EvrRtxMessageQueueNotInserted
                             0x1867     0x2  Code  Gb  rtx_evr.o [2]
EvrRtxMessageQueueNotRetrieved
                             0x186b     0x2  Code  Gb  rtx_evr.o [2]
EvrRtxMessageQueuePut        0x1873     0x2  Code  Gb  rtx_evr.o [2]
EvrRtxMessageQueuePutPending
                             0x1865     0x2  Code  Gb  rtx_evr.o [2]
EvrRtxMessageQueuePutTimeout
                              0xbaf     0x2  Code  Gb  rtx_evr.o [2]
EvrRtxMessageQueueRetrieved
                             0x1859     0x2  Code  Gb  rtx_evr.o [2]
EvrRtxMutexAcquire           0x10bb     0x2  Code  Gb  rtx_evr.o [2]
EvrRtxMutexAcquirePending
                             0x10b7     0x2  Code  Gb  rtx_evr.o [2]
EvrRtxMutexAcquireTimeout
                              0xba7     0x2  Code  Gb  rtx_evr.o [2]
EvrRtxMutexAcquired          0x10b3     0x2  Code  Gb  rtx_evr.o [2]
EvrRtxMutexError             0x10b5     0x2  Code  Gb  rtx_evr.o [2]
EvrRtxMutexNotAcquired       0x10b9     0x2  Code  Gb  rtx_evr.o [2]
EvrRtxMutexRelease           0x10bd     0x2  Code  Gb  rtx_evr.o [2]
EvrRtxMutexReleased          0x10b1     0x2  Code  Gb  rtx_evr.o [2]
EvrRtxSemaphoreAcquireTimeout
                              0xba9     0x2  Code  Gb  rtx_evr.o [2]
EvrRtxThreadBlocked           0xbdf     0x2  Code  Gb  rtx_evr.o [2]
EvrRtxThreadCreated           0xd8f     0x2  Code  Gb  rtx_evr.o [2]
EvrRtxThreadDestroyed        0x106b     0x2  Code  Gb  rtx_evr.o [2]
EvrRtxThreadError             0xd03     0x2  Code  Gb  rtx_evr.o [2]
EvrRtxThreadExit             0x1071     0x2  Code  Gb  rtx_evr.o [2]
EvrRtxThreadFlagsWaitCompleted
                              0xbe1     0x2  Code  Gb  rtx_evr.o [2]
EvrRtxThreadFlagsWaitTimeout
                              0xba3     0x2  Code  Gb  rtx_evr.o [2]
EvrRtxThreadJoined           0x1069     0x2  Code  Gb  rtx_evr.o [2]
EvrRtxThreadNew              0x106d     0x2  Code  Gb  rtx_evr.o [2]
EvrRtxThreadPreempted         0xbb3     0x2  Code  Gb  rtx_evr.o [2]
EvrRtxThreadSwitched          0xbdd     0x2  Code  Gb  rtx_evr.o [2]
EvrRtxThreadUnblocked         0xbb1     0x2  Code  Gb  rtx_evr.o [2]
EvrRtxThreadYield            0x106f     0x2  Code  Gb  rtx_evr.o [2]
EvrRtxTimerCallback          0x2e4d     0x2  Code  Gb  rtx_evr.o [2]
EvrRtxTimerCreated           0x29e1     0x2  Code  Gb  rtx_evr.o [2]
EvrRtxTimerError             0x29e3     0x2  Code  Gb  rtx_evr.o [2]
EvrRtxTimerIsRunning         0x29e7     0x2  Code  Gb  rtx_evr.o [2]
EvrRtxTimerNew               0x29e9     0x2  Code  Gb  rtx_evr.o [2]
EvrRtxTimerStart             0x29eb     0x2  Code  Gb  rtx_evr.o [2]
EvrRtxTimerStarted           0x29e5     0x2  Code  Gb  rtx_evr.o [2]
GPIODirModeSet               0x1d21    0x28  Code  Gb  gpio.o [4]
GPIOIntClear                 0x1ead     0x8  Code  Gb  gpio.o [4]
GPIOIntEnable                0x1e97     0x6  Code  Gb  gpio.o [4]
GPIOIntStatus                0x1e9d    0x10  Code  Gb  gpio.o [4]
GPIOIntTypeSet               0x1d49    0x4c  Code  Gb  gpio.o [4]
GPIOJ_Handler                0x1a59    0x2e  Code  Gb  blinky.o [1]
GPIOPadConfigSet             0x1d95   0x102  Code  Gb  gpio.o [4]
GPIOPinTypeGPIOInput         0x1ec1    0x14  Code  Gb  gpio.o [4]
GPIOPinTypeGPIOOutput        0x1ed5     0xa  Code  Gb  gpio.o [4]
GPIOPinWrite                 0x1eb5     0x8  Code  Gb  gpio.o [4]
IntEnable                    0x2971    0x52  Code  Gb  interrupt.o [4]
LEDInit                      0x1fc1    0xac  Code  Gb  driverleds.o [1]
LEDOff                       0x20af    0x38  Code  Gb  driverleds.o [1]
LEDOn                        0x2075    0x3a  Code  Gb  driverleds.o [1]
MessageQueueGet              0x110d    0x40  Code  Lc  rtx_msgqueue.o [2]
MessageQueuePut              0x10c1    0x4a  Code  Lc  rtx_msgqueue.o [2]
MessageQueueRemove           0x114d    0x1a  Code  Lc  rtx_msgqueue.o [2]
OS_Tick_AcknowledgeIRQ       0x1a4d     0xc  Code  Gb  os_systick.o [2]
OS_Tick_Enable               0x2a81    0x2c  Code  Gb  os_systick.o [2]
OS_Tick_GetIRQn              0x2a79     0x6  Code  Gb  os_systick.o [2]
OS_Tick_Setup                0x2a39    0x40  Code  Gb  os_systick.o [2]
PendST                  0x2000'1f48     0x1  Data  Lc  os_systick.o [2]
PendSV_Handler               0x2d09          Code  Gb  irq_cm4f.o [2]
Region$$Table$$Base          0x2f54           --   Gb  - Linker created -
Region$$Table$$Limit         0x2f74           --   Gb  - Linker created -
SVC_Handler                  0x2c71          Code  Gb  irq_cm4f.o [2]
Switch_Off                   0x1a95     0xc  Code  Gb  blinky.o [1]
Switch_On                    0x1a87     0xe  Code  Gb  blinky.o [1]
SysCtlClockFreqSet           0x2733   0x1fc  Code  Gb  sysctl.o [4]
SysCtlPeripheralEnable       0x2715     0x8  Code  Gb  sysctl.o [4]
SysCtlPeripheralReady        0x26f3     0x8  Code  Gb  sysctl.o [4]
SysTick_Handler              0x2d19          Code  Gb  irq_cm4f.o [2]
SystemCoreClock         0x2000'1f4c     0x4  Data  Gb  system_TM4C1294_TW.o [1]
SystemInit                   0x2eb9    0x1a  Code  Gb  system_TM4C1294_TW.o [1]
ThreadFlagsCheck              0x3c1    0x6c  Code  Lc  rtx_thread.o [2]
TimerInsert                  0x210d    0x38  Code  Lc  rtx_timer.o [2]
TimerRemove                  0x2145    0x22  Code  Lc  rtx_timer.o [2]
_SysCtlMemTimingGet          0x26d1    0x22  Code  Lc  sysctl.o [4]
__Vectors                       0x0           --   Gb  startup_TM4C1294.o [1]
__Vectors_End                 0x3c0          Data  Gb  startup_TM4C1294.o [1]
__Vectors_Size {Abs}          0x3c0           --   Gb  startup_TM4C1294.o [1]
__aeabi_memclr               0x185d          Code  Gb  ABImemclr.o [5]
__aeabi_memclr4               0xd89          Code  Gb  ABImemclr4.o [5]
__aeabi_memcpy               0x17b1          Code  Gb  ABImemcpy.o [5]
__aeabi_memcpy4              0x17d1          Code  Gb  ABImemcpy.o [5]
__aeabi_memcpy8              0x17d1          Code  Gb  ABImemcpy.o [5]
__cmain                      0x2f75          Code  Gb  cmain.o [5]
__exit                       0x2fa9    0x14  Code  Gb  exit.o [6]
__iar_Memset4_word           0x107d          Code  Gb  ABImemset48.o [5]
__iar_Memset8_word           0x107d          Code  Gb  ABImemset48.o [5]
__iar_Memset_word            0x19ed          Code  Gb  ABImemset.o [5]
__iar_data_init3             0x2ee5    0x28  Code  Gb  data_init.o [5]
__iar_init_vfp               0x2fe1          Code  Wk  startup_TM4C1294.o [1]
__iar_packbits_init_single3
                              0xbe3    0x3a  Code  Gb  packbits_init_single.o [5]
__iar_program_start          0x2fbd          Code  Gb  cstartup_M.o [5]
__iar_zero_init3             0x2e4f    0x38  Code  Gb  zero_init3.o [5]
__low_level_init             0x2f93     0x4  Code  Gb  low_level_init.o [3]
__vector_table                  0x0          Data  Gb  startup_TM4C1294.o [1]
__vector_table_0x1c            0x1c          Data  Gb  startup_TM4C1294.o [1]
_call_main                   0x2f81          Code  Gb  cmain.o [5]
_exit                        0x2f9d          Code  Gb  cexit.o [5]
app_main                     0x1b81   0x100  Code  Gb  blinky.o [1]
button_1                0x2000'1f1c     0x1  Data  Gb  blinky.o [1]
button_2                0x2000'1f1d     0x1  Data  Gb  blinky.o [1]
button_pressed          0x2000'1f1e     0x1  Data  Gb  blinky.o [1]
callback                     0x1ab9     0x2  Code  Gb  blinky.o [1]
exit                         0x2f97     0x4  Code  Gb  exit.o [3]
fila_mensagem           0x2000'1f20    0x10  Data  Gb  blinky.o [1]
g_pppui32XTALtoVCO           0x2ac0   0x1b0  Data  Lc  sysctl.o [4]
g_pui32EnRegs                0x29cc    0x14  Data  Lc  interrupt.o [4]
g_pui32VCOFrequencies        0x2968     0x8  Data  Lc  sysctl.o [4]
g_pui32Xtals                 0x2d34    0x6c  Data  Lc  sysctl.o [4]
g_sXTALtoMEMTIM              0x2e88    0x30  Data  Lc  sysctl.o [4]
main                         0x1c81    0x4c  Code  Gb  blinky.o [1]
osDelayUntil                 0x2691    0x38  Code  Gb  rtx_delay.o [2]
osKernelGetState             0x2589    0x40  Code  Gb  rtx_kernel.o [2]
osKernelGetTickCount         0x25fd    0x20  Code  Gb  rtx_kernel.o [2]
osKernelInitialize           0x2551    0x38  Code  Gb  rtx_kernel.o [2]
osKernelStart                0x25c9    0x34  Code  Gb  rtx_kernel.o [2]
osMessageQueueGet            0x1679    0x90  Code  Gb  rtx_msgqueue.o [2]
osMessageQueueGetCount       0x1709    0x38  Code  Gb  rtx_msgqueue.o [2]
osMessageQueueGetSpace       0x1749    0x44  Code  Gb  rtx_msgqueue.o [2]
osMessageQueueNew            0x15a1    0x3e  Code  Gb  rtx_msgqueue.o [2]
osMessageQueuePut            0x15e1    0x98  Code  Gb  rtx_msgqueue.o [2]
osMutexAcquire                0xfe1    0x3e  Code  Gb  rtx_mutex.o [2]
osMutexRelease               0x1021    0x3a  Code  Gb  rtx_mutex.o [2]
osRtxConfig                  0x2da0    0x68  Data  Gb  rtx_lib.o [1]
osRtxErrorNotify             0x1073     0x2  Code  Gb  RTX_Config.o [1]
osRtxIdleThread               0xddb     0x2  Code  Gb  RTX_Config.o [1]
osRtxInfo               0x2000'0000    0xa4  Data  Gb  rtx_kernel.o [2]
osRtxKernelPreInit           0x2aaf     0x2  Code  Gb  rtx_lib.o [1]
osRtxMemoryAlloc              0xd05    0x84  Code  Gb  rtx_memory.o [2]
osRtxMemoryFree               0xd91    0x4a  Code  Gb  rtx_memory.o [2]
osRtxMemoryInit              0x29ef    0x44  Code  Gb  rtx_memory.o [2]
osRtxMemoryPoolAlloc          0xc69    0x44  Code  Gb  rtx_mempool.o [2]
osRtxMemoryPoolFree           0xcad    0x56  Code  Gb  rtx_mempool.o [2]
osRtxMemoryPoolInit           0xc1d    0x4a  Code  Gb  rtx_mempool.o [2]
osRtxMessageQueuePostProcess
                             0x1167    0xe6  Code  Lc  rtx_msgqueue.o [2]
osRtxMutexOwnerRelease        0xddd    0x52  Code  Gb  rtx_mutex.o [2]
osRtxPendSV_Handler          0x18e5    0x8a  Code  Gb  rtx_system.o [2]
osRtxPostProcess             0x1971    0x6e  Code  Gb  rtx_system.o [2]
osRtxThreadBlock              0x64b    0x34  Code  Lc  rtx_thread.o [2]
osRtxThreadDelayInsert        0x4a3    0x62  Code  Lc  rtx_thread.o [2]
osRtxThreadDelayRemove        0x505    0x44  Code  Lc  rtx_thread.o [2]
osRtxThreadDelayTick          0x549    0xee  Code  Gb  rtx_thread.o [2]
osRtxThreadDispatch           0x69b    0x54  Code  Gb  rtx_thread.o [2]
osRtxThreadFree               0x9cb    0x56  Code  Lc  rtx_thread.o [2]
osRtxThreadListGet            0x44f    0x14  Code  Gb  rtx_thread.o [2]
osRtxThreadListPut            0x42d    0x22  Code  Gb  rtx_thread.o [2]
osRtxThreadListRemove         0x485    0x16  Code  Gb  rtx_thread.o [2]
osRtxThreadListSort           0x463    0x22  Code  Gb  rtx_thread.o [2]
osRtxThreadPostProcess        0x763    0x54  Code  Lc  rtx_thread.o [2]
osRtxThreadReadyPut           0x49b     0x8  Code  Gb  rtx_thread.o [2]
osRtxThreadRegPtr             0x637    0x14  Code  Gb  rtx_thread.o [2]
osRtxThreadStackCheck         0xbb5    0x28  Code  Gb  rtx_thread.o [2]
osRtxThreadStartup            0xab5    0x30  Code  Gb  rtx_thread.o [2]
osRtxThreadSwitch             0x67f    0x1c  Code  Gb  rtx_thread.o [2]
osRtxThreadWaitEnter          0x729    0x3a  Code  Gb  rtx_thread.o [2]
osRtxThreadWaitExit           0x6f5    0x2e  Code  Gb  rtx_thread.o [2]
osRtxTick_Handler            0x1875    0x6e  Code  Gb  rtx_system.o [2]
osRtxTimerThread             0x2e09    0x44  Code  Gb  rtx_timer.o [2]
osRtxTimerTick               0x2167    0x54  Code  Lc  rtx_timer.o [2]
osRtxUserSVC                 0x3004     0x4  Data  Gb  rtx_lib.o [1]
osThreadExit                  0xb69    0x16  Code  Gb  rtx_thread.o [2]
osThreadNew                   0xae9    0x40  Code  Gb  rtx_thread.o [2]
osThreadYield                 0xb2d    0x36  Code  Gb  rtx_thread.o [2]
osTimerIsRunning             0x234d    0x20  Code  Gb  rtx_timer.o [2]
osTimerNew                   0x22c9    0x42  Code  Gb  rtx_timer.o [2]
osTimerStart                 0x230d    0x3e  Code  Gb  rtx_timer.o [2]
os_idle_thread_attr          0x2f0c    0x24  Data  Lc  rtx_lib.o [1]
os_idle_thread_cb       0x2000'1e20    0x44  Data  Lc  rtx_lib.o [1]
os_idle_thread_stack    0x2000'1bd0   0x100  Data  Lc  rtx_lib.o [1]
os_isr_queue            0x2000'1ea8    0x40  Data  Lc  rtx_lib.o [1]
os_mem                  0x2000'00d8  0x1000  Data  Lc  rtx_lib.o [1]
os_mpi_def_stack        0x2000'00bc    0x18  Data  Lc  rtx_lib.o [1]
os_mpi_thread           0x2000'00a4    0x18  Data  Lc  rtx_lib.o [1]
os_thread_cb            0x2000'1a38   0x198  Data  Lc  rtx_lib.o [1]
os_thread_def_stack     0x2000'10d8   0x960  Data  Lc  rtx_lib.o [1]
os_timer_mq_attr             0x2fec    0x18  Data  Lc  rtx_lib.o [1]
os_timer_mq_cb          0x2000'1ee8    0x34  Data  Lc  rtx_lib.o [1]
os_timer_mq_data        0x2000'1dd0    0x50  Data  Lc  rtx_lib.o [1]
os_timer_thread_attr         0x2f30    0x24  Data  Lc  rtx_lib.o [1]
os_timer_thread_cb      0x2000'1e64    0x44  Data  Lc  rtx_lib.o [1]
os_timer_thread_stack   0x2000'1cd0   0x100  Data  Lc  rtx_lib.o [1]
phases_mut_id           0x2000'1f44     0x4  Data  Gb  blinky.o [1]
svcRtxDelayUntil             0x2655    0x3c  Code  Lc  rtx_delay.o [2]
svcRtxKernelGetState         0x24a3    0x12  Code  Lc  rtx_kernel.o [2]
svcRtxKernelGetTickCount
                             0x254b     0x4  Code  Lc  rtx_kernel.o [2]
svcRtxKernelInitialize       0x238d   0x116  Code  Lc  rtx_kernel.o [2]
svcRtxKernelStart            0x24b5    0x96  Code  Lc  rtx_kernel.o [2]
svcRtxMessageQueueGet        0x1451    0xe8  Code  Lc  rtx_msgqueue.o [2]
svcRtxMessageQueueGetCount
                             0x1561    0x12  Code  Lc  rtx_msgqueue.o [2]
svcRtxMessageQueueGetSpace
                             0x157b    0x24  Code  Lc  rtx_msgqueue.o [2]
svcRtxMessageQueueNew        0x124d   0x130  Code  Lc  rtx_msgqueue.o [2]
svcRtxMessageQueuePut        0x137d    0xd4  Code  Lc  rtx_msgqueue.o [2]
svcRtxMutexAcquire            0xe2f    0xd2  Code  Lc  rtx_mutex.o [2]
svcRtxMutexRelease            0xf01    0xd6  Code  Lc  rtx_mutex.o [2]
svcRtxThreadExit              0xa21    0x8e  Code  Lc  rtx_thread.o [2]
svcRtxThreadNew               0x7b7   0x1cc  Code  Lc  rtx_thread.o [2]
svcRtxThreadYield             0x989    0x42  Code  Lc  rtx_thread.o [2]
svcRtxTimerIsRunning         0x22ad    0x1c  Code  Lc  rtx_timer.o [2]
svcRtxTimerNew               0x21bb    0x9e  Code  Lc  rtx_timer.o [2]
svcRtxTimerStart             0x2259    0x4c  Code  Lc  rtx_timer.o [2]
thread_led                   0x1abb    0xc4  Code  Gb  blinky.o [1]
tid_control             0x2000'1f40     0x4  Data  Gb  blinky.o [1]
tid_phaseA              0x2000'1f30     0x4  Data  Gb  blinky.o [1]
tid_phaseB              0x2000'1f34     0x4  Data  Gb  blinky.o [1]
tid_phaseC              0x2000'1f38     0x4  Data  Gb  blinky.o [1]
tid_phaseD              0x2000'1f3c     0x4  Data  Gb  blinky.o [1]


[1] = D:\Users\Default\햞ea de Trabalho\Github\TM4C1294_RTOS_IAR9\Projects\blinky\ewarm\Obj
[2] = RTX_CM.a
[3] = dl7M_tln.a
[4] = driverlib.a
[5] = rt7M_tl.a
[6] = shb_l.a

  11'468 bytes of readonly  code memory
     871 bytes of readonly  data memory
  40'781 bytes of readwrite data memory

Errors: none
Warnings: none
