###############################################################################
#
# IAR ELF Linker V9.10.2.313/W64 for ARM                  06/Aug/2021  02:15:40
# Copyright 2007-2021 IAR Systems AB.
#
#    Output file  =
#        D:\Users\Default\햞ea de
#        Trabalho\Github\TM4C1294_RTOS_IAR9\Projects\blinky\ewarm\Exe\blinky.out
#    Map file     =
#        D:\Users\Default\햞ea de
#        Trabalho\Github\TM4C1294_RTOS_IAR9\Projects\blinky\ewarm\List\blinky.map
#    Command line =
#        -f "D:\Users\Default\햞ea de
#        Trabalho\Github\TM4C1294_RTOS_IAR9\Projects\blinky\ewarm\Exe\blinky.out.rsp"
#        ("D:\Users\Default\햞ea de
#        Trabalho\Github\TM4C1294_RTOS_IAR9\Projects\blinky\ewarm\Obj\blinky.o"
#        "D:\Users\Default\햞ea de
#        Trabalho\Github\TM4C1294_RTOS_IAR9\Projects\blinky\ewarm\Obj\driverbuttons.o"
#        "D:\Users\Default\햞ea de
#        Trabalho\Github\TM4C1294_RTOS_IAR9\Projects\blinky\ewarm\Obj\driverleds.o"
#        "D:\Users\Default\햞ea de
#        Trabalho\Github\TM4C1294_RTOS_IAR9\TivaWare_C_Series-2.1.4.178\driverlib\ewarm\Exe\driverlib.a"
#        "D:\Users\Default\햞ea de
#        Trabalho\Github\TM4C1294_RTOS_IAR9\CMSIS-5.6.0\CMSIS\RTOS2\RTX\Library\IAR\IDE\CM4F\Exe\RTX_CM.a"
#        "D:\Users\Default\햞ea de
#        Trabalho\Github\TM4C1294_RTOS_IAR9\Projects\blinky\ewarm\Obj\RTX_Config.o"
#        "D:\Users\Default\햞ea de
#        Trabalho\Github\TM4C1294_RTOS_IAR9\Projects\blinky\ewarm\Obj\rtx_lib.o"
#        "D:\Users\Default\햞ea de
#        Trabalho\Github\TM4C1294_RTOS_IAR9\Projects\blinky\ewarm\Obj\startup_TM4C1294.o"
#        "D:\Users\Default\햞ea de
#        Trabalho\Github\TM4C1294_RTOS_IAR9\Projects\blinky\ewarm\Obj\system_TM4C1294_TW.o"
#        --no_out_extension -o "D:\Users\Default\햞ea de
#        Trabalho\Github\TM4C1294_RTOS_IAR9\Projects\blinky\ewarm\Exe\blinky.out"
#        --map "D:\Users\Default\햞ea de
#        Trabalho\Github\TM4C1294_RTOS_IAR9\Projects\blinky\ewarm\List\blinky.map"
#        --config "C:\Program Files\IAR Systems\Embedded Workbench
#        9.0\arm\config\linker\TexasInstruments\TM4C1294NC.icf" --semihosting
#        --entry __iar_program_start --vfe --text_out locale)
#
###############################################################################

*******************************************************************************
*** RUNTIME MODEL ATTRIBUTES
***

CppFlavor       = *
__SystemLibrary = DLib
__dlib_version  = 6


*******************************************************************************
*** HEAP SELECTION
***

The basic heap was selected because some modules are built with
size limitations (and not runtime checking), and --advanced_heap
was not specified.


*******************************************************************************
*** PLACEMENT SUMMARY
***

"A0":  place at address 0x0 { ro section .intvec };
"P1":  place in [from 0x0 to 0xf'ffff] { ro };
define block CSTACK with size = 32K, alignment = 8 { };
define block HEAP with size = 64K, alignment = 8 { };
"P2":  place in [from 0x2000'0000 to 0x2003'ffff] {
          rw, block CSTACK, block HEAP };
initialize by copy { rw };

  Section                Kind         Address    Size  Object
  -------                ----         -------    ----  ------
"A0":                                           0x3c0
  .intvec                ro code          0x0   0x3c0  startup_TM4C1294.o [1]
                                      - 0x3c0   0x3c0

"P1":                                          0x2df3
  .text                  ro code        0x3c0   0xa48  rtx_thread.o [2]
  .text                  ro code        0xe08     0x2  rtx_evr.o [2]
  .text                  ro code        0xe0a     0x2  rtx_evr.o [2]
  .text                  ro code        0xe0c     0x2  rtx_evr.o [2]
  .text                  ro code        0xe0e     0x2  rtx_evr.o [2]
  .text                  ro code        0xe10     0x2  rtx_evr.o [2]
  .text                  ro code        0xe12     0x2  rtx_evr.o [2]
  .text                  ro code        0xe14     0x2  rtx_evr.o [2]
  .text                  ro code        0xe16     0x2  rtx_evr.o [2]
  .text                  ro code        0xe18     0x2  rtx_evr.o [2]
  .text                  ro code        0xe1a     0x2  rtx_evr.o [2]
  .text                  ro code        0xe1c    0x28  rtx_thread.o [2]
  .text                  ro code        0xe44     0x2  rtx_evr.o [2]
  .text                  ro code        0xe46     0x2  rtx_evr.o [2]
  .text                  ro code        0xe48     0x2  rtx_evr.o [2]
  .text                  ro code        0xe4a    0x3a  packbits_init_single.o [5]
  .text                  ro code        0xe84    0xe6  rtx_mempool.o [2]
  .text                  ro code        0xf6a     0x2  rtx_evr.o [2]
  .text                  ro code        0xf6c    0x84  rtx_memory.o [2]
  .text                  ro code        0xff0     0x6  ABImemclr4.o [5]
  .text                  ro code        0xff6     0x2  rtx_evr.o [2]
  .text                  ro code        0xff8    0x4a  rtx_memory.o [2]
  .text                  ro code       0x1042     0x2  RTX_Config.o [1]
  .text                  ro code       0x1044   0x28c  rtx_mutex.o [2]
  .text                  ro code       0x12d0     0x2  rtx_evr.o [2]
  .text                  ro code       0x12d2     0x2  rtx_evr.o [2]
  .text                  ro code       0x12d4     0x2  rtx_evr.o [2]
  .text                  ro code       0x12d6     0x2  rtx_evr.o [2]
  .text                  ro code       0x12d8     0x2  rtx_evr.o [2]
  .text                  ro code       0x12da     0x2  rtx_evr.o [2]
  .text                  ro code       0x12dc     0x2  rtx_evr.o [2]
  .text                  ro code       0x12de     0x2  rtx_evr.o [2]
  .text                  ro code       0x12e0     0x2  rtx_evr.o [2]
  .text                  ro code       0x12e2     0x2  rtx_evr.o [2]
  .text                  ro code       0x12e4   0x174  rtx_system.o [2]
  .text                  ro code       0x1458     0x2  rtx_evr.o [2]
  .text                  ro code       0x145a     0x2  RTX_Config.o [1]
  .text                  ro code       0x145c     0x2  rtx_evr.o [2]
  .text                  ro code       0x145e     0x2  rtx_evr.o [2]
  .text                  ro code       0x1460     0x2  rtx_evr.o [2]
  .text                  ro code       0x1462     0x2  rtx_evr.o [2]
  .text                  ro code       0x1464    0x32  ABImemset48.o [5]
  .text                  ro code       0x1496     0x2  rtx_evr.o [2]
  .text                  ro code       0x1498     0x2  rtx_evr.o [2]
  .text                  ro code       0x149a     0x2  rtx_evr.o [2]
  .text                  ro code       0x149c     0x2  rtx_evr.o [2]
  .text                  ro code       0x149e     0x2  rtx_evr.o [2]
  .text                  ro code       0x14a0     0x2  rtx_evr.o [2]
  .text                  ro code       0x14a2     0x2  rtx_evr.o [2]
  .text                  ro code       0x14a4     0x2  rtx_evr.o [2]
  .text                  ro code       0x14a6     0x2  startup_TM4C1294.o [1]
  .text                  ro code       0x14a8     0xc  os_systick.o [2]
  .text                  ro code       0x14b4   0x6f0  rtx_msgqueue.o [2]
  .text                  ro code       0x1ba4    0xa6  ABImemcpy.o [5]
  .text                  ro code       0x1c4a     0x2  rtx_evr.o [2]
  .text                  ro code       0x1c4c     0x2  rtx_evr.o [2]
  .text                  ro code       0x1c4e     0x2  rtx_evr.o [2]
  .text                  ro code       0x1c50     0x6  ABImemclr.o [5]
  .text                  ro code       0x1c56     0x2  rtx_evr.o [2]
  .text                  ro code       0x1c58     0x2  rtx_evr.o [2]
  .text                  ro code       0x1c5a     0x2  rtx_evr.o [2]
  .text                  ro code       0x1c5c     0x2  rtx_evr.o [2]
  .text                  ro code       0x1c5e     0x2  rtx_evr.o [2]
  .text                  ro code       0x1c60     0x2  rtx_evr.o [2]
  .text                  ro code       0x1c62     0x2  rtx_evr.o [2]
  .text                  ro code       0x1c64     0x2  rtx_evr.o [2]
  .text                  ro code       0x1c66     0x2  rtx_evr.o [2]
  .text                  ro code       0x1c68     0x2  rtx_evr.o [2]
  .text                  ro code       0x1c6a     0x2  rtx_evr.o [2]
  .text                  ro code       0x1c6c    0x5e  ABImemset.o [5]
  .text                  ro code       0x1ccc   0x2a0  sysctl.o [4]
  .text                  ro code       0x1f6c   0x294  rtx_kernel.o [2]
  .text                  ro code       0x2200     0x2  rtx_evr.o [2]
  .text                  ro code       0x2202    0x44  rtx_memory.o [2]
  .text                  ro code       0x2246     0x2  rtx_evr.o [2]
  .text                  ro code       0x2248     0x2  rtx_evr.o [2]
  .text                  ro code       0x224c    0x40  os_systick.o [2]
  .text                  ro code       0x228c     0x6  os_systick.o [2]
  .text                  ro code       0x2294    0x2c  os_systick.o [2]
  .text                  ro code       0x22c0     0x2  rtx_evr.o [2]
  .text                  ro code       0x22c2     0x2  rtx_lib.o [1]
  .text                  ro code       0x22c4     0x2  rtx_evr.o [2]
  .text                  ro code       0x22c6     0x2  rtx_evr.o [2]
  .text                  ro code       0x22c8     0x2  rtx_evr.o [2]
  .text                  ro code       0x22cc   0x28c  blinky.o [1]
  .text                  ro code       0x2558   0x1e0  gpio.o [4]
  .text                  ro code       0x2738    0xc0  driverbuttons.o [1]
  .text                  ro code       0x27f8   0x14c  driverleds.o [1]
  .text                  ro code       0x2944   0x280  rtx_timer.o [2]
  .text                  ro code       0x2bc4    0x70  interrupt.o [4]
  .text                  ro code       0x2c34     0x2  rtx_evr.o [2]
  .text                  ro code       0x2c36     0x2  rtx_evr.o [2]
  .text                  ro code       0x2c38     0x2  rtx_evr.o [2]
  .text                  ro code       0x2c3a     0x2  rtx_evr.o [2]
  .text                  ro code       0x2c3c     0x2  rtx_evr.o [2]
  .text                  ro code       0x2c3e     0x2  rtx_evr.o [2]
  .rodata                const         0x2c40   0x1b0  sysctl.o [4]
  .text                  ro code       0x2df0    0xc4  irq_cm4f.o [2]
  .rodata                const         0x2eb4    0x6c  sysctl.o [4]
  .rodata                const         0x2f20    0x68  rtx_lib.o [1]
  .text                  ro code       0x2f88    0x44  rtx_timer.o [2]
  .text                  ro code       0x2fcc     0x2  rtx_evr.o [2]
  .text                  ro code       0x2fce    0x38  zero_init3.o [5]
  .rodata                const         0x3008    0x30  sysctl.o [4]
  .text                  ro code       0x3038    0x2c  system_TM4C1294_TW.o [1]
  .text                  ro code       0x3064    0x28  data_init.o [5]
  .rodata                const         0x308c    0x24  rtx_lib.o [1]
  .rodata                const         0x30b0    0x24  rtx_lib.o [1]
  .iar.init_table        const         0x30d4    0x20  - Linker created -
  .text                  ro code       0x30f4    0x1e  cmain.o [5]
  .text                  ro code       0x3112     0x4  low_level_init.o [3]
  .text                  ro code       0x3116     0x4  exit.o [3]
  .text                  ro code       0x311c     0xa  cexit.o [5]
  .text                  ro code       0x3128    0x14  exit.o [6]
  .text                  ro code       0x313c    0x1c  cstartup_M.o [5]
  .text                  ro code       0x3158    0x14  startup_TM4C1294.o [1]
  .rodata                const         0x316c    0x18  rtx_lib.o [1]
  .rodata                const         0x3184     0x4  rtx_lib.o [1]
  .rodata                const         0x3188     0x0  zero_init3.o [5]
  .rodata                const         0x3188     0x0  packbits_init_single.o [5]
  Initializer bytes      const         0x3188    0x2b  <for P2-1>
                                     - 0x31b3  0x2df3

"P2", part 1 of 3:                               0xd4
  P2-1                            0x2000'0000    0xd4  <Init block>
    .data.os             inited   0x2000'0000    0xa4  rtx_kernel.o [2]
    .data.os.thread.mpi  inited   0x2000'00a4    0x18  rtx_lib.o [1]
    .data.os.thread.mpi  inited   0x2000'00bc    0x18  rtx_lib.o [1]
                                - 0x2000'00d4    0xd4

"P2", part 2 of 3:                             0x1e6c
  .bss.os                zero     0x2000'00d8  0x1000  rtx_lib.o [1]
  .bss.os.thread.stack   zero     0x2000'10d8   0x960  rtx_lib.o [1]
  .bss.os.thread.cb      zero     0x2000'1a38   0x198  rtx_lib.o [1]
  .bss.os.thread.stack   zero     0x2000'1bd0   0x100  rtx_lib.o [1]
  .bss.os.thread.stack   zero     0x2000'1cd0   0x100  rtx_lib.o [1]
  .bss.os.msgqueue.mem   zero     0x2000'1dd0    0x50  rtx_lib.o [1]
  .bss.os.thread.cb      zero     0x2000'1e20    0x44  rtx_lib.o [1]
  .bss.os.thread.cb      zero     0x2000'1e64    0x44  rtx_lib.o [1]
  .bss.os                zero     0x2000'1ea8    0x40  rtx_lib.o [1]
  .bss.os.msgqueue.cb    zero     0x2000'1ee8    0x34  rtx_lib.o [1]
  .bss                   zero     0x2000'1f1c    0x1c  blinky.o [1]
  .bss                   zero     0x2000'1f38     0x4  blinky.o [1]
  .bss                   zero     0x2000'1f3c     0x1  os_systick.o [2]
                                - 0x2000'1f3d  0x1e69

"P2", part 3 of 3:                             0x8008
  .noinit                uninit   0x2000'1f40     0x4  system_TM4C1294_TW.o [1]
  CSTACK                          0x2000'1f48  0x8000  <Block>
    CSTACK               uninit   0x2000'1f48  0x8000  <Block tail>
                                - 0x2000'9f48  0x8008

Unused ranges:

         From           To      Size
         ----           --      ----
       0x31b3     0xf'ffff  0xf'ce4d
  0x2000'9f48  0x2003'ffff  0x3'60b8


*******************************************************************************
*** INIT TABLE
***

          Address      Size
          -------      ----
Zero (__iar_zero_init3)
    1 destination range, total size 0x1e65:
          0x2000'00d8  0x1e65

Copy/packbits (__iar_packbits_init_single3)
    1 source range, total size 0x2b (20% of destination):
               0x3188    0x2b
    1 destination range, total size 0xd4:
          0x2000'0000    0xd4



*******************************************************************************
*** MODULE SUMMARY
***

    Module                  ro code  ro data  rw data
    ------                  -------  -------  -------
command line/config:
    -------------------------------------------------
    Total:

D:\Users\Default\햞ea de Trabalho\Github\TM4C1294_RTOS_IAR9\Projects\blinky\ewarm\Obj: [1]
    RTX_Config.o                  4
    blinky.o                    652                32
    driverbuttons.o             192
    driverleds.o                332
    rtx_lib.o                     2      214    7'796
    startup_TM4C1294.o          982
    system_TM4C1294_TW.o         44                 4
    -------------------------------------------------
    Total:                    2'208      214    7'832

RTX_CM.a: [2]
    irq_cm4f.o                  196
    os_systick.o                126                 1
    rtx_evr.o                   132
    rtx_kernel.o                660       33      164
    rtx_memory.o                274
    rtx_mempool.o               230
    rtx_msgqueue.o            1'776
    rtx_mutex.o                 652
    rtx_system.o                372
    rtx_thread.o              2'672
    rtx_timer.o                 708
    -------------------------------------------------
    Total:                    7'798       33      165

dl7M_tln.a: [3]
    exit.o                        4
    low_level_init.o              4
    -------------------------------------------------
    Total:                        8

driverlib.a: [4]
    gpio.o                      480
    interrupt.o                 112
    sysctl.o                    672      588
    -------------------------------------------------
    Total:                    1'264      588

rt7M_tl.a: [5]
    ABImemclr.o                   6
    ABImemclr4.o                  6
    ABImemcpy.o                 166
    ABImemset.o                  94
    ABImemset48.o                50
    cexit.o                      10
    cmain.o                      30
    cstartup_M.o                 28
    data_init.o                  40
    packbits_init_single.o       58
    zero_init3.o                 56
    -------------------------------------------------
    Total:                      544

shb_l.a: [6]
    exit.o                       20
    -------------------------------------------------
    Total:                       20

    Gaps                         12        2        4
    Linker created                        32   32'768
-----------------------------------------------------
    Grand Total:             11'854      869   40'769


*******************************************************************************
*** ENTRY LIST
***

Entry                       Address    Size  Type      Object
-----                       -------    ----  ----      ------
.iar.init_table$$Base        0x30d4           --   Gb  - Linker created -
.iar.init_table$$Limit       0x30f4           --   Gb  - Linker created -
?main                        0x30f5          Code  Gb  cmain.o [5]
ButtonInit                   0x2739    0x50  Code  Gb  driverbuttons.o [1]
ButtonIntClear               0x27cd    0x24  Code  Gb  driverbuttons.o [1]
ButtonIntEnable              0x2789    0x44  Code  Gb  driverbuttons.o [1]
CSTACK$$Base            0x2000'1f48           --   Gb  - Linker created -
CSTACK$$Limit           0x2000'9f48           --   Gb  - Linker created -
EvrRtxDelayCompleted          0xe09     0x2  Code  Gb  rtx_evr.o [2]
EvrRtxEventFlagsWaitTimeout
                              0xe0d     0x2  Code  Gb  rtx_evr.o [2]
EvrRtxKernelError            0x2201     0x2  Code  Gb  rtx_evr.o [2]
EvrRtxKernelGetState         0x2249     0x2  Code  Gb  rtx_evr.o [2]
EvrRtxKernelInitialize       0x22c5     0x2  Code  Gb  rtx_evr.o [2]
EvrRtxKernelInitialized
                             0x2247     0x2  Code  Gb  rtx_evr.o [2]
EvrRtxKernelStart            0x22c7     0x2  Code  Gb  rtx_evr.o [2]
EvrRtxKernelStarted          0x22c1     0x2  Code  Gb  rtx_evr.o [2]
EvrRtxMemoryAlloc            0x1463     0x2  Code  Gb  rtx_evr.o [2]
EvrRtxMemoryBlockAlloc       0x145f     0x2  Code  Gb  rtx_evr.o [2]
EvrRtxMemoryBlockFree        0x1461     0x2  Code  Gb  rtx_evr.o [2]
EvrRtxMemoryBlockInit        0x145d     0x2  Code  Gb  rtx_evr.o [2]
EvrRtxMemoryFree             0x1497     0x2  Code  Gb  rtx_evr.o [2]
EvrRtxMemoryInit             0x22c9     0x2  Code  Gb  rtx_evr.o [2]
EvrRtxMemoryPoolAllocTimeout
                              0xe13     0x2  Code  Gb  rtx_evr.o [2]
EvrRtxMessageQueueCreated
                             0x1c57     0x2  Code  Gb  rtx_evr.o [2]
EvrRtxMessageQueueError
                             0x1c4f     0x2  Code  Gb  rtx_evr.o [2]
EvrRtxMessageQueueGet        0x1c6b     0x2  Code  Gb  rtx_evr.o [2]
EvrRtxMessageQueueGetCount
                             0x1c61     0x2  Code  Gb  rtx_evr.o [2]
EvrRtxMessageQueueGetPending
                             0x1c5d     0x2  Code  Gb  rtx_evr.o [2]
EvrRtxMessageQueueGetSpace
                             0x1c63     0x2  Code  Gb  rtx_evr.o [2]
EvrRtxMessageQueueGetTimeout
                              0xe15     0x2  Code  Gb  rtx_evr.o [2]
EvrRtxMessageQueueInsertPending
                             0x1c69     0x2  Code  Gb  rtx_evr.o [2]
EvrRtxMessageQueueInserted
                             0x1c4b     0x2  Code  Gb  rtx_evr.o [2]
EvrRtxMessageQueueNew        0x1c65     0x2  Code  Gb  rtx_evr.o [2]
EvrRtxMessageQueueNotInserted
                             0x1c5b     0x2  Code  Gb  rtx_evr.o [2]
EvrRtxMessageQueueNotRetrieved
                             0x1c5f     0x2  Code  Gb  rtx_evr.o [2]
EvrRtxMessageQueuePut        0x1c67     0x2  Code  Gb  rtx_evr.o [2]
EvrRtxMessageQueuePutPending
                             0x1c59     0x2  Code  Gb  rtx_evr.o [2]
EvrRtxMessageQueuePutTimeout
                              0xe17     0x2  Code  Gb  rtx_evr.o [2]
EvrRtxMessageQueueRetrieved
                             0x1c4d     0x2  Code  Gb  rtx_evr.o [2]
EvrRtxMutexAcquire           0x14a3     0x2  Code  Gb  rtx_evr.o [2]
EvrRtxMutexAcquirePending
                             0x149f     0x2  Code  Gb  rtx_evr.o [2]
EvrRtxMutexAcquireTimeout
                              0xe0f     0x2  Code  Gb  rtx_evr.o [2]
EvrRtxMutexAcquired          0x149b     0x2  Code  Gb  rtx_evr.o [2]
EvrRtxMutexError             0x149d     0x2  Code  Gb  rtx_evr.o [2]
EvrRtxMutexNotAcquired       0x14a1     0x2  Code  Gb  rtx_evr.o [2]
EvrRtxMutexRelease           0x14a5     0x2  Code  Gb  rtx_evr.o [2]
EvrRtxMutexReleased          0x1499     0x2  Code  Gb  rtx_evr.o [2]
EvrRtxSemaphoreAcquireTimeout
                              0xe11     0x2  Code  Gb  rtx_evr.o [2]
EvrRtxThreadBlocked           0xe47     0x2  Code  Gb  rtx_evr.o [2]
EvrRtxThreadCreated           0xff7     0x2  Code  Gb  rtx_evr.o [2]
EvrRtxThreadDestroyed        0x12d3     0x2  Code  Gb  rtx_evr.o [2]
EvrRtxThreadError             0xf6b     0x2  Code  Gb  rtx_evr.o [2]
EvrRtxThreadExit             0x12e1     0x2  Code  Gb  rtx_evr.o [2]
EvrRtxThreadFlagsError       0x12d5     0x2  Code  Gb  rtx_evr.o [2]
EvrRtxThreadFlagsSet         0x12e3     0x2  Code  Gb  rtx_evr.o [2]
EvrRtxThreadFlagsSetDone
                             0x12d7     0x2  Code  Gb  rtx_evr.o [2]
EvrRtxThreadFlagsWait        0x1459     0x2  Code  Gb  rtx_evr.o [2]
EvrRtxThreadFlagsWaitCompleted
                              0xe49     0x2  Code  Gb  rtx_evr.o [2]
EvrRtxThreadFlagsWaitNotCompleted
                             0x12db     0x2  Code  Gb  rtx_evr.o [2]
EvrRtxThreadFlagsWaitPending
                             0x12d9     0x2  Code  Gb  rtx_evr.o [2]
EvrRtxThreadFlagsWaitTimeout
                              0xe0b     0x2  Code  Gb  rtx_evr.o [2]
EvrRtxThreadJoined           0x12d1     0x2  Code  Gb  rtx_evr.o [2]
EvrRtxThreadNew              0x12dd     0x2  Code  Gb  rtx_evr.o [2]
EvrRtxThreadPreempted         0xe1b     0x2  Code  Gb  rtx_evr.o [2]
EvrRtxThreadSwitched          0xe45     0x2  Code  Gb  rtx_evr.o [2]
EvrRtxThreadUnblocked         0xe19     0x2  Code  Gb  rtx_evr.o [2]
EvrRtxThreadYield            0x12df     0x2  Code  Gb  rtx_evr.o [2]
EvrRtxTimerCallback          0x2fcd     0x2  Code  Gb  rtx_evr.o [2]
EvrRtxTimerCreated           0x2c35     0x2  Code  Gb  rtx_evr.o [2]
EvrRtxTimerError             0x2c37     0x2  Code  Gb  rtx_evr.o [2]
EvrRtxTimerIsRunning         0x2c3b     0x2  Code  Gb  rtx_evr.o [2]
EvrRtxTimerNew               0x2c3d     0x2  Code  Gb  rtx_evr.o [2]
EvrRtxTimerStart             0x2c3f     0x2  Code  Gb  rtx_evr.o [2]
EvrRtxTimerStarted           0x2c39     0x2  Code  Gb  rtx_evr.o [2]
GPIODirModeSet               0x2559    0x28  Code  Gb  gpio.o [4]
GPIOIntClear                 0x26e5     0x8  Code  Gb  gpio.o [4]
GPIOIntEnable                0x26cf     0x6  Code  Gb  gpio.o [4]
GPIOIntStatus                0x26d5    0x10  Code  Gb  gpio.o [4]
GPIOIntTypeSet               0x2581    0x4c  Code  Gb  gpio.o [4]
GPIOJ_Handler                0x22cd    0x2e  Code  Gb  blinky.o [1]
GPIOPadConfigSet             0x25cd   0x102  Code  Gb  gpio.o [4]
GPIOPinTypeGPIOInput         0x26f9    0x14  Code  Gb  gpio.o [4]
GPIOPinTypeGPIOOutput        0x270d     0xa  Code  Gb  gpio.o [4]
GPIOPinWrite                 0x26ed     0x8  Code  Gb  gpio.o [4]
IntEnable                    0x2bc5    0x52  Code  Gb  interrupt.o [4]
LEDInit                      0x27f9    0xac  Code  Gb  driverleds.o [1]
LEDOff                       0x28e7    0x38  Code  Gb  driverleds.o [1]
LEDOn                        0x28ad    0x3a  Code  Gb  driverleds.o [1]
MessageQueueGet              0x1501    0x40  Code  Lc  rtx_msgqueue.o [2]
MessageQueuePut              0x14b5    0x4a  Code  Lc  rtx_msgqueue.o [2]
MessageQueueRemove           0x1541    0x1a  Code  Lc  rtx_msgqueue.o [2]
OS_Tick_AcknowledgeIRQ       0x14a9     0xc  Code  Gb  os_systick.o [2]
OS_Tick_Enable               0x2295    0x2c  Code  Gb  os_systick.o [2]
OS_Tick_GetIRQn              0x228d     0x6  Code  Gb  os_systick.o [2]
OS_Tick_Setup                0x224d    0x40  Code  Gb  os_systick.o [2]
PendST                  0x2000'1f3c     0x1  Data  Lc  os_systick.o [2]
PendSV_Handler               0x2e89          Code  Gb  irq_cm4f.o [2]
Region$$Table$$Base          0x30d4           --   Gb  - Linker created -
Region$$Table$$Limit         0x30f4           --   Gb  - Linker created -
SVC_Handler                  0x2df1          Code  Gb  irq_cm4f.o [2]
Switch_Off                   0x2309     0xc  Code  Gb  blinky.o [1]
Switch_On                    0x22fb     0xe  Code  Gb  blinky.o [1]
SysCtlClockFreqSet           0x1d2f   0x1fc  Code  Gb  sysctl.o [4]
SysCtlPeripheralEnable       0x1d11     0x8  Code  Gb  sysctl.o [4]
SysCtlPeripheralReady        0x1cef     0x8  Code  Gb  sysctl.o [4]
SysTick_Handler              0x2e99          Code  Gb  irq_cm4f.o [2]
SystemCoreClock         0x2000'1f40     0x4  Data  Gb  system_TM4C1294_TW.o [1]
SystemInit                   0x3039    0x1a  Code  Gb  system_TM4C1294_TW.o [1]
ThreadFlagsCheck              0x3c1    0x6c  Code  Lc  rtx_thread.o [2]
TimerInsert                  0x2945    0x38  Code  Lc  rtx_timer.o [2]
TimerRemove                  0x297d    0x22  Code  Lc  rtx_timer.o [2]
_SysCtlMemTimingGet          0x1ccd    0x22  Code  Lc  sysctl.o [4]
__Vectors                       0x0           --   Gb  startup_TM4C1294.o [1]
__Vectors_End                 0x3c0          Data  Gb  startup_TM4C1294.o [1]
__Vectors_Size {Abs}          0x3c0           --   Gb  startup_TM4C1294.o [1]
__aeabi_memclr               0x1c51          Code  Gb  ABImemclr.o [5]
__aeabi_memclr4               0xff1          Code  Gb  ABImemclr4.o [5]
__aeabi_memcpy               0x1ba5          Code  Gb  ABImemcpy.o [5]
__aeabi_memcpy4              0x1bc5          Code  Gb  ABImemcpy.o [5]
__aeabi_memcpy8              0x1bc5          Code  Gb  ABImemcpy.o [5]
__cmain                      0x30f5          Code  Gb  cmain.o [5]
__exit                       0x3129    0x14  Code  Gb  exit.o [6]
__iar_Memset4_word           0x1465          Code  Gb  ABImemset48.o [5]
__iar_Memset8_word           0x1465          Code  Gb  ABImemset48.o [5]
__iar_Memset_word            0x1c6d          Code  Gb  ABImemset.o [5]
__iar_data_init3             0x3065    0x28  Code  Gb  data_init.o [5]
__iar_init_vfp               0x3161          Code  Wk  startup_TM4C1294.o [1]
__iar_packbits_init_single3
                              0xe4b    0x3a  Code  Gb  packbits_init_single.o [5]
__iar_program_start          0x313d          Code  Gb  cstartup_M.o [5]
__iar_zero_init3             0x2fcf    0x38  Code  Gb  zero_init3.o [5]
__low_level_init             0x3113     0x4  Code  Gb  low_level_init.o [3]
__vector_table                  0x0          Data  Gb  startup_TM4C1294.o [1]
__vector_table_0x1c            0x1c          Data  Gb  startup_TM4C1294.o [1]
_call_main                   0x3101          Code  Gb  cmain.o [5]
_exit                        0x311d          Code  Gb  cexit.o [5]
app_main                     0x242d    0xb4  Code  Gb  blinky.o [1]
button_1                0x2000'1f1c     0x1  Data  Gb  blinky.o [1]
button_2                0x2000'1f1d     0x1  Data  Gb  blinky.o [1]
button_pressed          0x2000'1f1e     0x1  Data  Gb  blinky.o [1]
callback                     0x232d    0x10  Code  Gb  blinky.o [1]
exit                         0x3117     0x4  Code  Gb  exit.o [3]
fila_mensagem           0x2000'1f34     0x4  Data  Gb  blinky.o [1]
g_pppui32XTALtoVCO           0x2c40   0x1b0  Data  Lc  sysctl.o [4]
g_pui32EnRegs                0x2c20    0x14  Data  Lc  interrupt.o [4]
g_pui32VCOFrequencies        0x1f64     0x8  Data  Lc  sysctl.o [4]
g_pui32Xtals                 0x2eb4    0x6c  Data  Lc  sysctl.o [4]
g_sXTALtoMEMTIM              0x3008    0x30  Data  Lc  sysctl.o [4]
main                         0x24e1    0x40  Code  Gb  blinky.o [1]
osKernelGetState             0x2165    0x40  Code  Gb  rtx_kernel.o [2]
osKernelInitialize           0x212d    0x38  Code  Gb  rtx_kernel.o [2]
osKernelStart                0x21a5    0x34  Code  Gb  rtx_kernel.o [2]
osMessageQueueGet            0x1a6d    0x90  Code  Gb  rtx_msgqueue.o [2]
osMessageQueueGetCount       0x1afd    0x38  Code  Gb  rtx_msgqueue.o [2]
osMessageQueueGetSpace       0x1b3d    0x44  Code  Gb  rtx_msgqueue.o [2]
osMessageQueueNew            0x1995    0x3e  Code  Gb  rtx_msgqueue.o [2]
osMessageQueuePut            0x19d5    0x98  Code  Gb  rtx_msgqueue.o [2]
osMutexAcquire               0x1249    0x3e  Code  Gb  rtx_mutex.o [2]
osMutexRelease               0x1289    0x3a  Code  Gb  rtx_mutex.o [2]
osRtxConfig                  0x2f20    0x68  Data  Gb  rtx_lib.o [1]
osRtxErrorNotify             0x145b     0x2  Code  Gb  RTX_Config.o [1]
osRtxIdleThread              0x1043     0x2  Code  Gb  RTX_Config.o [1]
osRtxInfo               0x2000'0000    0xa4  Data  Gb  rtx_kernel.o [2]
osRtxKernelPreInit           0x22c3     0x2  Code  Gb  rtx_lib.o [1]
osRtxMemoryAlloc              0xf6d    0x84  Code  Gb  rtx_memory.o [2]
osRtxMemoryFree               0xff9    0x4a  Code  Gb  rtx_memory.o [2]
osRtxMemoryInit              0x2203    0x44  Code  Gb  rtx_memory.o [2]
osRtxMemoryPoolAlloc          0xed1    0x44  Code  Gb  rtx_mempool.o [2]
osRtxMemoryPoolFree           0xf15    0x56  Code  Gb  rtx_mempool.o [2]
osRtxMemoryPoolInit           0xe85    0x4a  Code  Gb  rtx_mempool.o [2]
osRtxMessageQueuePostProcess
                             0x155b    0xe6  Code  Lc  rtx_msgqueue.o [2]
osRtxMutexOwnerRelease       0x1045    0x52  Code  Gb  rtx_mutex.o [2]
osRtxPendSV_Handler          0x1355    0x8a  Code  Gb  rtx_system.o [2]
osRtxPostProcess             0x13e1    0x6e  Code  Gb  rtx_system.o [2]
osRtxThreadBlock              0x64b    0x34  Code  Lc  rtx_thread.o [2]
osRtxThreadDelayInsert        0x4a3    0x62  Code  Lc  rtx_thread.o [2]
osRtxThreadDelayRemove        0x505    0x44  Code  Lc  rtx_thread.o [2]
osRtxThreadDelayTick          0x549    0xee  Code  Gb  rtx_thread.o [2]
osRtxThreadDispatch           0x69b    0x54  Code  Gb  rtx_thread.o [2]
osRtxThreadFree               0x9cb    0x56  Code  Lc  rtx_thread.o [2]
osRtxThreadListGet            0x44f    0x14  Code  Gb  rtx_thread.o [2]
osRtxThreadListPut            0x42d    0x22  Code  Gb  rtx_thread.o [2]
osRtxThreadListRemove         0x485    0x16  Code  Gb  rtx_thread.o [2]
osRtxThreadListSort           0x463    0x22  Code  Gb  rtx_thread.o [2]
osRtxThreadPostProcess        0x763    0x54  Code  Lc  rtx_thread.o [2]
osRtxThreadReadyPut           0x49b     0x8  Code  Gb  rtx_thread.o [2]
osRtxThreadRegPtr             0x637    0x14  Code  Gb  rtx_thread.o [2]
osRtxThreadStackCheck         0xe1d    0x28  Code  Gb  rtx_thread.o [2]
osRtxThreadStartup            0xc57    0x30  Code  Gb  rtx_thread.o [2]
osRtxThreadSwitch             0x67f    0x1c  Code  Gb  rtx_thread.o [2]
osRtxThreadWaitEnter          0x729    0x3a  Code  Gb  rtx_thread.o [2]
osRtxThreadWaitExit           0x6f5    0x2e  Code  Gb  rtx_thread.o [2]
osRtxTick_Handler            0x12e5    0x6e  Code  Gb  rtx_system.o [2]
osRtxTimerThread             0x2f89    0x44  Code  Gb  rtx_timer.o [2]
osRtxTimerTick               0x299f    0x54  Code  Lc  rtx_timer.o [2]
osRtxUserSVC                 0x3184     0x4  Data  Gb  rtx_lib.o [1]
osThreadExit                  0xd09    0x16  Code  Gb  rtx_thread.o [2]
osThreadFlagsSet              0xd2d    0x7a  Code  Gb  rtx_thread.o [2]
osThreadFlagsWait             0xda9    0x42  Code  Gb  rtx_thread.o [2]
osThreadNew                   0xc89    0x40  Code  Gb  rtx_thread.o [2]
osThreadYield                 0xccd    0x36  Code  Gb  rtx_thread.o [2]
osTimerIsRunning             0x2b85    0x20  Code  Gb  rtx_timer.o [2]
osTimerNew                   0x2b01    0x42  Code  Gb  rtx_timer.o [2]
osTimerStart                 0x2b45    0x3e  Code  Gb  rtx_timer.o [2]
os_idle_thread_attr          0x308c    0x24  Data  Lc  rtx_lib.o [1]
os_idle_thread_cb       0x2000'1e20    0x44  Data  Lc  rtx_lib.o [1]
os_idle_thread_stack    0x2000'1bd0   0x100  Data  Lc  rtx_lib.o [1]
os_isr_queue            0x2000'1ea8    0x40  Data  Lc  rtx_lib.o [1]
os_mem                  0x2000'00d8  0x1000  Data  Lc  rtx_lib.o [1]
os_mpi_def_stack        0x2000'00bc    0x18  Data  Lc  rtx_lib.o [1]
os_mpi_thread           0x2000'00a4    0x18  Data  Lc  rtx_lib.o [1]
os_thread_cb            0x2000'1a38   0x198  Data  Lc  rtx_lib.o [1]
os_thread_def_stack     0x2000'10d8   0x960  Data  Lc  rtx_lib.o [1]
os_timer_mq_attr             0x316c    0x18  Data  Lc  rtx_lib.o [1]
os_timer_mq_cb          0x2000'1ee8    0x34  Data  Lc  rtx_lib.o [1]
os_timer_mq_data        0x2000'1dd0    0x50  Data  Lc  rtx_lib.o [1]
os_timer_thread_attr         0x30b0    0x24  Data  Lc  rtx_lib.o [1]
os_timer_thread_cb      0x2000'1e64    0x44  Data  Lc  rtx_lib.o [1]
os_timer_thread_stack   0x2000'1cd0   0x100  Data  Lc  rtx_lib.o [1]
phases_mut_id           0x2000'1f38     0x4  Data  Gb  blinky.o [1]
state                   0x2000'1f1f     0x1  Data  Gb  blinky.o [1]
svcRtxKernelGetState         0x2083    0x12  Code  Lc  rtx_kernel.o [2]
svcRtxKernelInitialize       0x1f6d   0x116  Code  Lc  rtx_kernel.o [2]
svcRtxKernelStart            0x2095    0x96  Code  Lc  rtx_kernel.o [2]
svcRtxMessageQueueGet        0x1845    0xe8  Code  Lc  rtx_msgqueue.o [2]
svcRtxMessageQueueGetCount
                             0x1955    0x12  Code  Lc  rtx_msgqueue.o [2]
svcRtxMessageQueueGetSpace
                             0x196f    0x24  Code  Lc  rtx_msgqueue.o [2]
svcRtxMessageQueueNew        0x1641   0x130  Code  Lc  rtx_msgqueue.o [2]
svcRtxMessageQueuePut        0x1771    0xd4  Code  Lc  rtx_msgqueue.o [2]
svcRtxMutexAcquire           0x1097    0xd2  Code  Lc  rtx_mutex.o [2]
svcRtxMutexRelease           0x1169    0xd6  Code  Lc  rtx_mutex.o [2]
svcRtxThreadExit              0xa21    0x8e  Code  Lc  rtx_thread.o [2]
svcRtxThreadFlagsSet          0xab1    0x9c  Code  Lc  rtx_thread.o [2]
svcRtxThreadFlagsWait         0xb51   0x106  Code  Lc  rtx_thread.o [2]
svcRtxThreadNew               0x7b7   0x1cc  Code  Lc  rtx_thread.o [2]
svcRtxThreadYield             0x989    0x42  Code  Lc  rtx_thread.o [2]
svcRtxTimerIsRunning         0x2ae5    0x1c  Code  Lc  rtx_timer.o [2]
svcRtxTimerNew               0x29f3    0x9e  Code  Lc  rtx_timer.o [2]
svcRtxTimerStart             0x2a91    0x4c  Code  Lc  rtx_timer.o [2]
thread_led                   0x233d    0xd0  Code  Gb  blinky.o [1]
tid_control             0x2000'1f30     0x4  Data  Gb  blinky.o [1]
tid_phaseA              0x2000'1f20     0x4  Data  Gb  blinky.o [1]
tid_phaseB              0x2000'1f24     0x4  Data  Gb  blinky.o [1]
tid_phaseC              0x2000'1f28     0x4  Data  Gb  blinky.o [1]
tid_phaseD              0x2000'1f2c     0x4  Data  Gb  blinky.o [1]


[1] = D:\Users\Default\햞ea de Trabalho\Github\TM4C1294_RTOS_IAR9\Projects\blinky\ewarm\Obj
[2] = RTX_CM.a
[3] = dl7M_tln.a
[4] = driverlib.a
[5] = rt7M_tl.a
[6] = shb_l.a

  11'854 bytes of readonly  code memory
     869 bytes of readonly  data memory
  40'769 bytes of readwrite data memory

Errors: none
Warnings: none
