###############################################################################
#
# IAR ELF Linker V9.10.2.313/W64 for ARM                  19/Aug/2021  21:22:02
# Copyright 2007-2021 IAR Systems AB.
#
#    Output file  =
#        D:\Users\Default\햞ea de
#        Trabalho\Github\TM4C1294_RTOS_IAR9\Projects\UART_inst\ewarm\Exe\UART_inst.out
#    Map file     =
#        D:\Users\Default\햞ea de
#        Trabalho\Github\TM4C1294_RTOS_IAR9\Projects\UART_inst\ewarm\List\UART_inst.map
#    Command line =
#        -f "D:\Users\Default\햞ea de
#        Trabalho\Github\TM4C1294_RTOS_IAR9\Projects\UART_inst\ewarm\Exe\UART_inst.out.rsp"
#        ("D:\Users\Default\햞ea de
#        Trabalho\Github\TM4C1294_RTOS_IAR9\TivaWare_C_Series-2.1.4.178\driverlib\ewarm\Exe\driverlib.a"
#        "D:\Users\Default\햞ea de
#        Trabalho\Github\TM4C1294_RTOS_IAR9\CMSIS-5.6.0\CMSIS\RTOS2\RTX\Library\IAR\IDE\CM4F\Exe\RTX_CM.a"
#        "D:\Users\Default\햞ea de
#        Trabalho\Github\TM4C1294_RTOS_IAR9\Projects\UART_inst\ewarm\Obj\RTX_Config.o"
#        "D:\Users\Default\햞ea de
#        Trabalho\Github\TM4C1294_RTOS_IAR9\Projects\UART_inst\ewarm\Obj\rtx_lib.o"
#        "D:\Users\Default\햞ea de
#        Trabalho\Github\TM4C1294_RTOS_IAR9\Projects\UART_inst\ewarm\Obj\startup_TM4C1294.o"
#        "D:\Users\Default\햞ea de
#        Trabalho\Github\TM4C1294_RTOS_IAR9\Projects\UART_inst\ewarm\Obj\system_TM4C1294_TW.o"
#        "D:\Users\Default\햞ea de
#        Trabalho\Github\TM4C1294_RTOS_IAR9\Projects\UART_inst\ewarm\Obj\UART_inst.o"
#        "D:\Users\Default\햞ea de
#        Trabalho\Github\TM4C1294_RTOS_IAR9\Projects\UART_inst\ewarm\Obj\uartstdio.o"
#        --no_out_extension -o "D:\Users\Default\햞ea de
#        Trabalho\Github\TM4C1294_RTOS_IAR9\Projects\UART_inst\ewarm\Exe\UART_inst.out"
#        --map "D:\Users\Default\햞ea de
#        Trabalho\Github\TM4C1294_RTOS_IAR9\Projects\UART_inst\ewarm\List\UART_inst.map"
#        --config "C:\Program Files\IAR Systems\Embedded Workbench
#        9.0\arm\config\linker\TexasInstruments\TM4C1294NC.icf" --semihosting
#        --entry __iar_program_start --vfe --text_out locale)
#
###############################################################################

*******************************************************************************
*** RUNTIME MODEL ATTRIBUTES
***

CppFlavor       = *
__SystemLibrary = DLib
__dlib_version  = 6


*******************************************************************************
*** HEAP SELECTION
***

The basic heap was selected because some modules are built with
size limitations (and not runtime checking), and --advanced_heap
was not specified.


*******************************************************************************
*** PLACEMENT SUMMARY
***

"A0":  place at address 0x0 { ro section .intvec };
"P1":  place in [from 0x0 to 0xf'ffff] { ro };
define block CSTACK with size = 32K, alignment = 8 { };
define block HEAP with size = 64K, alignment = 8 { };
"P2":  place in [from 0x2000'0000 to 0x2003'ffff] {
          rw, block CSTACK, block HEAP };
initialize by copy { rw };

  Section               Kind         Address    Size  Object
  -------               ----         -------    ----  ------
"A0":                                          0x3c0
  .intvec               ro code          0x0   0x3c0  startup_TM4C1294.o [1]
                                     - 0x3c0   0x3c0

"P1":                                         0x1959
  .text                 ro code        0x3c0   0x5f8  uartstdio.o [1]
  .text                 ro code        0x9b8    0xf0  interrupt.o [4]
  .text                 ro code        0xaa8   0x112  uart.o [4]
  .text                 ro code        0xbba    0x3a  packbits_init_single.o [5]
  .text                 ro code        0xbf4   0x2ac  sysctl.o [4]
  .text                 ro code        0xea0    0x10  cpu.o [4]
  .text                 ro code        0xeb0   0x1e8  rtx_thread.o [2]
  .text                 ro code       0x1098     0x2  rtx_evr.o [2]
  .text                 ro code       0x109a     0x2  rtx_evr.o [2]
  .text                 ro code       0x109c     0x2  rtx_evr.o [2]
  .text                 ro code       0x109e     0x2  rtx_evr.o [2]
  .text                 ro code       0x10a0     0x2  rtx_evr.o [2]
  .text                 ro code       0x10a2     0x2  rtx_evr.o [2]
  .text                 ro code       0x10a4     0x2  rtx_evr.o [2]
  .text                 ro code       0x10a6     0x2  rtx_evr.o [2]
  .text                 ro code       0x10a8     0x2  rtx_evr.o [2]
  .text                 ro code       0x10aa     0x2  rtx_evr.o [2]
  .text                 ro code       0x10ac    0x28  rtx_thread.o [2]
  .text                 ro code       0x10d4     0x2  rtx_evr.o [2]
  .text                 ro code       0x10d6    0x20  RTX_Config.o [1]
  .text                 ro code       0x10f6     0x2  startup_TM4C1294.o [1]
  .rodata               const         0x10f8   0x1b0  sysctl.o [4]
  .text                 ro code       0x12a8   0x18c  gpio.o [4]
  .text                 ro code       0x1434   0x12e  UART_inst.o [1]
  .text                 ro code       0x1564   0x11c  rtx_kernel.o [2]
  .text                 ro code       0x1680    0xa6  ABImemcpy.o [5]
  .text                 ro code       0x1726     0x2  rtx_evr.o [2]
  .text                 ro code       0x1728     0x2  rtx_evr.o [2]
  .text                 ro code       0x172a     0x2  rtx_evr.o [2]
  .text                 ro code       0x172c   0x100  rtx_system.o [2]
  .text                 ro code       0x182c     0xc  os_systick.o [2]
  .text                 ro code       0x1838    0xc4  irq_cm4f.o [2]
  .rodata               const         0x18fc    0x90  gpio.o [4]
  .rodata               const         0x198c    0x6c  sysctl.o [4]
  .rodata               const         0x19f8    0x68  rtx_lib.o [1]
  .text                 ro code       0x1a60    0x38  zero_init3.o [5]
  .rodata               const         0x1a98    0x30  sysctl.o [4]
  .text                 ro code       0x1ac8    0x30  system_TM4C1294_TW.o [1]
  .text                 ro code       0x1af8    0x28  data_init.o [5]
  .rodata               const         0x1b20    0x24  rtx_lib.o [1]
  .rodata               const         0x1b44    0x24  rtx_lib.o [1]
  .iar.init_table       const         0x1b68    0x20  - Linker created -
  .text                 ro code       0x1b88    0x1e  cmain.o [5]
  .text                 ro code       0x1ba6     0x4  low_level_init.o [3]
  .text                 ro code       0x1baa     0x4  exit.o [3]
  .text                 ro code       0x1bb0     0xa  cexit.o [5]
  .text                 ro code       0x1bbc    0x14  exit.o [6]
  .rodata               const         0x1bd0    0x1c  UART_inst.o [1]
  .text                 ro code       0x1bec    0x1c  cstartup_M.o [5]
  .text                 ro code       0x1c08    0x14  startup_TM4C1294.o [1]
  .rodata               const         0x1c1c    0x18  rtx_lib.o [1]
  .rodata               const         0x1c34    0x18  UART_inst.o [1]
  .rodata               const         0x1c4c    0x18  UART_inst.o [1]
  .rodata               const         0x1c64    0x14  uartstdio.o [1]
  .rodata               const         0x1c78    0x10  rtx_lib.o [1]
  .rodata               const         0x1c88    0x10  UART_inst.o [1]
  .rodata               const         0x1c98     0xc  rtx_lib.o [1]
  .rodata               const         0x1ca4     0xc  UART_inst.o [1]
  .rodata               const         0x1cb0     0xc  UART_inst.o [1]
  .rodata               const         0x1cbc     0xc  UART_inst.o [1]
  .rodata               const         0x1cc8     0xc  uartstdio.o [1]
  .rodata               const         0x1cd4     0xc  uartstdio.o [1]
  .rodata               const         0x1ce0     0xc  uartstdio.o [1]
  .rodata               const         0x1cec     0x8  UART_inst.o [1]
  .rodata               const         0x1cf4     0x8  UART_inst.o [1]
  .rodata               const         0x1cfc     0x8  uartstdio.o [1]
  .rodata               const         0x1d04     0x4  rtx_lib.o [1]
  .rodata               const         0x1d08     0x4  uartstdio.o [1]
  .rodata               const         0x1d0c     0x0  zero_init3.o [5]
  .rodata               const         0x1d0c     0x0  packbits_init_single.o [5]
  Initializer bytes     const         0x1d0c     0xd  <for P2-1>
                                    - 0x1d19  0x1959

"P2", part 1 of 3:                              0xa4
  P2-1                           0x2000'0000    0xa4  <Init block>
    .data.os            inited   0x2000'0000    0xa4  rtx_kernel.o [2]
                               - 0x2000'00a4    0xa4

"P2", part 2 of 3:                            0x17ec
  .bss.os               zero     0x2000'00a8  0x1000  rtx_lib.o [1]
  .bss                  zero     0x2000'10a8   0x400  uartstdio.o [1]
  .bss.os.thread.stack  zero     0x2000'14a8   0x100  rtx_lib.o [1]
  .bss.os.thread.stack  zero     0x2000'15a8   0x100  rtx_lib.o [1]
  .bss                  zero     0x2000'16a8    0x80  uartstdio.o [1]
  .bss.os.msgqueue.mem  zero     0x2000'1728    0x50  rtx_lib.o [1]
  .bss.os.thread.cb     zero     0x2000'1778    0x44  rtx_lib.o [1]
  .bss.os.thread.cb     zero     0x2000'17bc    0x44  rtx_lib.o [1]
  .bss.os               zero     0x2000'1800    0x40  rtx_lib.o [1]
  .bss.os.msgqueue.cb   zero     0x2000'1840    0x34  rtx_lib.o [1]
  .bss                  zero     0x2000'1874     0x4  uartstdio.o [1]
  .bss                  zero     0x2000'1878     0x4  uartstdio.o [1]
  .bss                  zero     0x2000'187c     0x4  uartstdio.o [1]
  .bss                  zero     0x2000'1880     0x4  uartstdio.o [1]
  .bss                  zero     0x2000'1884     0x4  uartstdio.o [1]
  .bss                  zero     0x2000'1888     0x4  uartstdio.o [1]
  .bss                  zero     0x2000'188c     0x1  uartstdio.o [1]
  .bss                  zero     0x2000'188d     0x1  uartstdio.o [1]
                               - 0x2000'188e  0x17ea

"P2", part 3 of 3:                            0x8008
  .noinit               uninit   0x2000'1890     0x4  system_TM4C1294_TW.o [1]
  CSTACK                         0x2000'1898  0x8000  <Block>
    CSTACK              uninit   0x2000'1898  0x8000  <Block tail>
                               - 0x2000'9898  0x8008

Unused ranges:

         From           To      Size
         ----           --      ----
       0x1d19     0xf'ffff  0xf'e2e7
  0x2000'9898  0x2003'ffff  0x3'6768


*******************************************************************************
*** INIT TABLE
***

          Address      Size
          -------      ----
Zero (__iar_zero_init3)
    1 destination range, total size 0x17e6:
          0x2000'00a8  0x17e6

Copy/packbits (__iar_packbits_init_single3)
    1 source range, total size 0xd (7% of destination):
               0x1d0c     0xd
    1 destination range, total size 0xa4:
          0x2000'0000    0xa4



*******************************************************************************
*** MODULE SUMMARY
***

    Module                  ro code  ro data  rw data
    ------                  -------  -------  -------
command line/config:
    -------------------------------------------------
    Total:

D:\Users\Default\햞ea de Trabalho\Github\TM4C1294_RTOS_IAR9\Projects\UART_inst\ewarm\Obj: [1]
    RTX_Config.o                 32
    UART_inst.o                 302      144
    rtx_lib.o                            232    4'940
    startup_TM4C1294.o          982
    system_TM4C1294_TW.o         48                 4
    uartstdio.o               1'528       68    1'178
    -------------------------------------------------
    Total:                    2'892      444    6'122

RTX_CM.a: [2]
    irq_cm4f.o                  196
    os_systick.o                 12
    rtx_evr.o                    28
    rtx_kernel.o                284       13      164
    rtx_system.o                256
    rtx_thread.o                528
    -------------------------------------------------
    Total:                    1'304       13      164

dl7M_tln.a: [3]
    exit.o                        4
    low_level_init.o              4
    -------------------------------------------------
    Total:                        8

driverlib.a: [4]
    cpu.o                        16
    gpio.o                      396      144
    interrupt.o                 240
    sysctl.o                    684      588
    uart.o                      274
    -------------------------------------------------
    Total:                    1'610      732

rt7M_tl.a: [5]
    ABImemcpy.o                 166
    cexit.o                      10
    cmain.o                      30
    cstartup_M.o                 28
    data_init.o                  40
    packbits_init_single.o       58
    zero_init3.o                 56
    -------------------------------------------------
    Total:                      388

shb_l.a: [6]
    exit.o                       20
    -------------------------------------------------
    Total:                       20

    Gaps                          6                 4
    Linker created                        32   32'768
-----------------------------------------------------
    Grand Total:              6'228    1'221   39'058


*******************************************************************************
*** ENTRY LIST
***

Entry                       Address    Size  Type      Object
-----                       -------    ----  ----      ------
.iar.init_table$$Base        0x1b68           --   Gb  - Linker created -
.iar.init_table$$Limit       0x1b88           --   Gb  - Linker created -
?main                        0x1b89          Code  Gb  cmain.o [5]
CPUcpsid                      0xea1     0x8  Code  Gb  cpu.o [4]
CPUcpsie                      0xea9     0x8  Code  Gb  cpu.o [4]
CSTACK$$Base            0x2000'1898           --   Gb  - Linker created -
CSTACK$$Limit           0x2000'9898           --   Gb  - Linker created -
EvrRtxDelayCompleted         0x1099     0x2  Code  Gb  rtx_evr.o [2]
EvrRtxEventFlagsWaitTimeout
                             0x109d     0x2  Code  Gb  rtx_evr.o [2]
EvrRtxKernelGetInfo          0x172b     0x2  Code  Gb  rtx_evr.o [2]
EvrRtxKernelGetState         0x1729     0x2  Code  Gb  rtx_evr.o [2]
EvrRtxKernelInfoRetrieved
                             0x1727     0x2  Code  Gb  rtx_evr.o [2]
EvrRtxMemoryPoolAllocTimeout
                             0x10a3     0x2  Code  Gb  rtx_evr.o [2]
EvrRtxMessageQueueGetTimeout
                             0x10a5     0x2  Code  Gb  rtx_evr.o [2]
EvrRtxMessageQueuePutTimeout
                             0x10a7     0x2  Code  Gb  rtx_evr.o [2]
EvrRtxMutexAcquireTimeout
                             0x109f     0x2  Code  Gb  rtx_evr.o [2]
EvrRtxSemaphoreAcquireTimeout
                             0x10a1     0x2  Code  Gb  rtx_evr.o [2]
EvrRtxThreadFlagsWaitTimeout
                             0x109b     0x2  Code  Gb  rtx_evr.o [2]
EvrRtxThreadPreempted        0x10ab     0x2  Code  Gb  rtx_evr.o [2]
EvrRtxThreadSwitched         0x10d5     0x2  Code  Gb  rtx_evr.o [2]
EvrRtxThreadUnblocked        0x10a9     0x2  Code  Gb  rtx_evr.o [2]
GPIODirModeSet               0x12a9    0x28  Code  Gb  gpio.o [4]
GPIOPadConfigSet             0x12d1   0x102  Code  Gb  gpio.o [4]
GPIOPinConfigure             0x13f3    0x36  Code  Gb  gpio.o [4]
GPIOPinTypeUART              0x13df    0x14  Code  Gb  gpio.o [4]
GetBufferCount                0x3ef    0x16  Code  Lc  uartstdio.o [1]
IntDisable                    0xa25    0x52  Code  Gb  interrupt.o [4]
IntEnable                     0x9d1    0x52  Code  Gb  interrupt.o [4]
IntMasterDisable              0x9c1     0x6  Code  Gb  interrupt.o [4]
IntMasterEnable               0x9b9     0x8  Code  Gb  interrupt.o [4]
IsBufferEmpty                 0x3dd    0x12  Code  Lc  uartstdio.o [1]
IsBufferFull                  0x3c1    0x1c  Code  Lc  uartstdio.o [1]
OS_Tick_AcknowledgeIRQ       0x182d     0xc  Code  Gb  os_systick.o [2]
PendSV_Handler               0x18d1          Code  Gb  irq_cm4f.o [2]
Region$$Table$$Base          0x1b68           --   Gb  - Linker created -
Region$$Table$$Limit         0x1b88           --   Gb  - Linker created -
SVC_Handler                  0x1839          Code  Gb  irq_cm4f.o [2]
SysCtlClockFreqSet            0xc61   0x1fc  Code  Gb  sysctl.o [4]
SysCtlPeripheralEnable        0xc43     0x8  Code  Gb  sysctl.o [4]
SysCtlPeripheralPresent
                              0xc17     0xa  Code  Gb  sysctl.o [4]
SysCtlPeripheralReady         0xc21     0x8  Code  Gb  sysctl.o [4]
SysTick_Handler              0x18e1          Code  Gb  irq_cm4f.o [2]
SystemCoreClock         0x2000'1890     0x4  Data  Gb  system_TM4C1294_TW.o [1]
SystemInit                   0x1ac9    0x1c  Code  Gb  system_TM4C1294_TW.o [1]
UART0_Handler                0x147f     0x8  Code  Gb  UART_inst.o [1]
UARTCharGetNonBlocking        0xb6b    0x14  Code  Gb  uart.o [4]
UARTCharPutNonBlocking        0xb7f    0x18  Code  Gb  uart.o [4]
UARTCharsAvail                0xb53     0x8  Code  Gb  uart.o [4]
UARTConfigSetExpClk           0xab1    0x5c  Code  Gb  uart.o [4]
UARTDisable                   0xb27    0x22  Code  Gb  uart.o [4]
UARTEnable                    0xb0d    0x1a  Code  Gb  uart.o [4]
UARTFIFOLevelSet              0xaa9     0x8  Code  Gb  uart.o [4]
UARTFlushRx                   0x7ef    0x1c  Code  Gb  uartstdio.o [1]
UARTFlushTx                   0x80b    0x30  Code  Gb  uartstdio.o [1]
UARTInit                     0x1435    0x4a  Code  Gb  UART_inst.o [1]
UARTIntClear                  0xbb5     0x6  Code  Gb  uart.o [4]
UARTIntDisable                0xb9d     0x4  Code  Gb  uart.o [4]
UARTIntEnable                 0xb97     0x6  Code  Gb  uart.o [4]
UARTIntStatus                 0xba9     0xc  Code  Gb  uart.o [4]
UARTPrimeTransmit             0x405    0x7a  Code  Lc  uartstdio.o [1]
UARTRxBytesAvail              0x7e1     0xe  Code  Gb  uartstdio.o [1]
UARTSpaceAvail                0xb5b     0x6  Code  Gb  uart.o [4]
UARTStdioConfig               0x47f    0x92  Code  Gb  uartstdio.o [1]
UARTStdioIntHandler           0x841   0x132  Code  Gb  uartstdio.o [1]
UARTStdioIntHandler::bLastWasCR
                        0x2000'188d     0x1  Data  Lc  uartstdio.o [1]
UARTgets                      0x5bb    0x62  Code  Gb  uartstdio.o [1]
UARTprintf                    0x7d3     0xe  Code  Gb  uartstdio.o [1]
UARTvprintf                   0x61d   0x1b6  Code  Gb  uartstdio.o [1]
UARTwrite                     0x511    0xaa  Code  Gb  uartstdio.o [1]
_SysCtlMemTimingGet           0xbf5    0x22  Code  Lc  sysctl.o [4]
__Vectors                       0x0           --   Gb  startup_TM4C1294.o [1]
__Vectors_End                 0x3c0          Data  Gb  startup_TM4C1294.o [1]
__Vectors_Size {Abs}          0x3c0           --   Gb  startup_TM4C1294.o [1]
__aeabi_memcpy               0x1681          Code  Gb  ABImemcpy.o [5]
__aeabi_memcpy4              0x16a1          Code  Gb  ABImemcpy.o [5]
__aeabi_memcpy8              0x16a1          Code  Gb  ABImemcpy.o [5]
__cmain                      0x1b89          Code  Gb  cmain.o [5]
__exit                       0x1bbd    0x14  Code  Gb  exit.o [6]
__iar_data_init3             0x1af9    0x28  Code  Gb  data_init.o [5]
__iar_init_vfp               0x1c11          Code  Wk  startup_TM4C1294.o [1]
__iar_packbits_init_single3
                              0xbbb    0x3a  Code  Gb  packbits_init_single.o [5]
__iar_program_start          0x1bed          Code  Gb  cstartup_M.o [5]
__iar_zero_init3             0x1a61    0x38  Code  Gb  zero_init3.o [5]
__low_level_init             0x1ba7     0x4  Code  Gb  low_level_init.o [3]
__vector_table                  0x0          Data  Gb  startup_TM4C1294.o [1]
__vector_table_0x1c            0x1c          Data  Gb  startup_TM4C1294.o [1]
_call_main                   0x1b95          Code  Gb  cmain.o [5]
_exit                        0x1bb1          Code  Gb  cexit.o [5]
exit                         0x1bab     0x4  Code  Gb  exit.o [3]
g_bDisableEcho          0x2000'188c     0x1  Data  Lc  uartstdio.o [1]
g_pcHex                      0x1d08     0x4  Data  Lc  uartstdio.o [1]
g_pcUARTRxBuffer        0x2000'16a8    0x80  Data  Lc  uartstdio.o [1]
g_pcUARTTxBuffer        0x2000'10a8   0x400  Data  Lc  uartstdio.o [1]
g_pppui32XTALtoVCO           0x10f8   0x1b0  Data  Lc  sysctl.o [4]
g_pui32Dii16Regs              0xa94    0x14  Data  Lc  interrupt.o [4]
g_pui32EnRegs                 0xa80    0x14  Data  Lc  interrupt.o [4]
g_pui32GPIOBaseAddrs         0x18fc    0x90  Data  Lc  gpio.o [4]
g_pui32VCOFrequencies         0xe98     0x8  Data  Lc  sysctl.o [4]
g_pui32Xtals                 0x198c    0x6c  Data  Lc  sysctl.o [4]
g_sXTALtoMEMTIM              0x1a98    0x30  Data  Lc  sysctl.o [4]
g_ui32Base              0x2000'1884     0x4  Data  Lc  uartstdio.o [1]
g_ui32PortNum           0x2000'1888     0x4  Data  Lc  uartstdio.o [1]
g_ui32UARTBase               0x1cc8     0xc  Data  Lc  uartstdio.o [1]
g_ui32UARTInt                0x1cd4     0xc  Data  Lc  uartstdio.o [1]
g_ui32UARTPeriph             0x1ce0     0xc  Data  Lc  uartstdio.o [1]
g_ui32UARTRxReadIndex   0x2000'1880     0x4  Data  Lc  uartstdio.o [1]
g_ui32UARTRxWriteIndex  0x2000'187c     0x4  Data  Lc  uartstdio.o [1]
g_ui32UARTTxReadIndex   0x2000'1878     0x4  Data  Lc  uartstdio.o [1]
g_ui32UARTTxWriteIndex  0x2000'1874     0x4  Data  Lc  uartstdio.o [1]
main                         0x153d    0x26  Code  Gb  UART_inst.o [1]
myKernelInfo                 0x1487    0x34  Code  Gb  UART_inst.o [1]
myKernelState                0x14bb    0x52  Code  Gb  UART_inst.o [1]
osKernelGetInfo              0x15b5    0x6a  Code  Gb  rtx_kernel.o [2]
osKernelGetState             0x1621    0x40  Code  Gb  rtx_kernel.o [2]
osRtxConfig                  0x19f8    0x68  Data  Gb  rtx_lib.o [1]
osRtxErrorNotify             0x10d7    0x20  Code  Gb  RTX_Config.o [1]
osRtxInfo               0x2000'0000    0xa4  Data  Gb  rtx_kernel.o [2]
osRtxPendSV_Handler          0x179d    0x8a  Code  Gb  rtx_system.o [2]
osRtxThreadBlock              0xfdf    0x34  Code  Lc  rtx_thread.o [2]
osRtxThreadDelayTick          0xef1    0xee  Code  Gb  rtx_thread.o [2]
osRtxThreadDispatch          0x102f    0x54  Code  Gb  rtx_thread.o [2]
osRtxThreadListPut            0xeb1    0x22  Code  Gb  rtx_thread.o [2]
osRtxThreadListRemove         0xed3    0x16  Code  Gb  rtx_thread.o [2]
osRtxThreadReadyPut           0xee9     0x8  Code  Gb  rtx_thread.o [2]
osRtxThreadStackCheck        0x10ad    0x28  Code  Gb  rtx_thread.o [2]
osRtxThreadSwitch            0x1013    0x1c  Code  Gb  rtx_thread.o [2]
osRtxTick_Handler            0x172d    0x6e  Code  Gb  rtx_system.o [2]
osRtxUserSVC                 0x1d04     0x4  Data  Gb  rtx_lib.o [1]
os_idle_thread_attr          0x1b20    0x24  Data  Lc  rtx_lib.o [1]
os_idle_thread_cb       0x2000'1778    0x44  Data  Lc  rtx_lib.o [1]
os_idle_thread_stack    0x2000'14a8   0x100  Data  Lc  rtx_lib.o [1]
os_isr_queue            0x2000'1800    0x40  Data  Lc  rtx_lib.o [1]
os_mem                  0x2000'00a8  0x1000  Data  Lc  rtx_lib.o [1]
os_timer_mq_attr             0x1c1c    0x18  Data  Lc  rtx_lib.o [1]
os_timer_mq_cb          0x2000'1840    0x34  Data  Lc  rtx_lib.o [1]
os_timer_mq_data        0x2000'1728    0x50  Data  Lc  rtx_lib.o [1]
os_timer_thread_attr         0x1b44    0x24  Data  Lc  rtx_lib.o [1]
os_timer_thread_cb      0x2000'17bc    0x44  Data  Lc  rtx_lib.o [1]
os_timer_thread_stack   0x2000'15a8   0x100  Data  Lc  rtx_lib.o [1]
svcRtxKernelGetInfo          0x1565    0x34  Code  Lc  rtx_kernel.o [2]
svcRtxKernelGetState         0x15a1    0x12  Code  Lc  rtx_kernel.o [2]


[1] = D:\Users\Default\햞ea de Trabalho\Github\TM4C1294_RTOS_IAR9\Projects\UART_inst\ewarm\Obj
[2] = RTX_CM.a
[3] = dl7M_tln.a
[4] = driverlib.a
[5] = rt7M_tl.a
[6] = shb_l.a

   6'228 bytes of readonly  code memory
   1'221 bytes of readonly  data memory
  39'058 bytes of readwrite data memory

Errors: none
Warnings: none
