###############################################################################
#
# IAR ELF Linker V9.10.2.313/W64 for ARM                  21/Aug/2021  15:56:22
# Copyright 2007-2021 IAR Systems AB.
#
#    Output file  =
#        D:\Users\Default\햞ea de
#        Trabalho\Github\Projetos_Sistemas_Embarcados\Projeto_Final\TM4C1294_RTOS_IAR9\Projects\UART_inst\ewarm\Exe\UART_inst.out
#    Map file     =
#        D:\Users\Default\햞ea de
#        Trabalho\Github\Projetos_Sistemas_Embarcados\Projeto_Final\TM4C1294_RTOS_IAR9\Projects\UART_inst\ewarm\List\UART_inst.map
#    Command line =
#        -f "D:\Users\Default\햞ea de
#        Trabalho\Github\Projetos_Sistemas_Embarcados\Projeto_Final\TM4C1294_RTOS_IAR9\Projects\UART_inst\ewarm\Exe\UART_inst.out.rsp"
#        ("D:\Users\Default\햞ea de
#        Trabalho\Github\Projetos_Sistemas_Embarcados\Projeto_Final\TM4C1294_RTOS_IAR9\TivaWare_C_Series-2.1.4.178\driverlib\ewarm\Exe\driverlib.a"
#        "D:\Users\Default\햞ea de
#        Trabalho\Github\Projetos_Sistemas_Embarcados\Projeto_Final\TM4C1294_RTOS_IAR9\CMSIS-5.6.0\CMSIS\RTOS2\RTX\Library\IAR\IDE\CM4F\Exe\RTX_CM.a"
#        "D:\Users\Default\햞ea de
#        Trabalho\Github\Projetos_Sistemas_Embarcados\Projeto_Final\TM4C1294_RTOS_IAR9\Projects\UART_inst\ewarm\Obj\RTX_Config.o"
#        "D:\Users\Default\햞ea de
#        Trabalho\Github\Projetos_Sistemas_Embarcados\Projeto_Final\TM4C1294_RTOS_IAR9\Projects\UART_inst\ewarm\Obj\rtx_lib.o"
#        "D:\Users\Default\햞ea de
#        Trabalho\Github\Projetos_Sistemas_Embarcados\Projeto_Final\TM4C1294_RTOS_IAR9\Projects\UART_inst\ewarm\Obj\startup_TM4C1294.o"
#        "D:\Users\Default\햞ea de
#        Trabalho\Github\Projetos_Sistemas_Embarcados\Projeto_Final\TM4C1294_RTOS_IAR9\Projects\UART_inst\ewarm\Obj\system_TM4C1294_TW.o"
#        "D:\Users\Default\햞ea de
#        Trabalho\Github\Projetos_Sistemas_Embarcados\Projeto_Final\TM4C1294_RTOS_IAR9\Projects\UART_inst\ewarm\Obj\UART_inst.o"
#        "D:\Users\Default\햞ea de
#        Trabalho\Github\Projetos_Sistemas_Embarcados\Projeto_Final\TM4C1294_RTOS_IAR9\Projects\UART_inst\ewarm\Obj\uartstdio.o"
#        --no_out_extension -o "D:\Users\Default\햞ea de
#        Trabalho\Github\Projetos_Sistemas_Embarcados\Projeto_Final\TM4C1294_RTOS_IAR9\Projects\UART_inst\ewarm\Exe\UART_inst.out"
#        --map "D:\Users\Default\햞ea de
#        Trabalho\Github\Projetos_Sistemas_Embarcados\Projeto_Final\TM4C1294_RTOS_IAR9\Projects\UART_inst\ewarm\List\UART_inst.map"
#        --config "C:\Program Files\IAR Systems\Embedded Workbench
#        9.0\arm\config\linker\TexasInstruments\TM4C1294NC.icf" --semihosting
#        --entry __iar_program_start --vfe --text_out locale)
#
###############################################################################

*******************************************************************************
*** RUNTIME MODEL ATTRIBUTES
***

CppFlavor       = *
__SystemLibrary = DLib
__dlib_version  = 6


*******************************************************************************
*** HEAP SELECTION
***

The basic heap was selected because some modules are built with
size limitations (and not runtime checking), and --advanced_heap
was not specified.


*******************************************************************************
*** PLACEMENT SUMMARY
***

"A0":  place at address 0x0 { ro section .intvec };
"P1":  place in [from 0x0 to 0xf'ffff] { ro };
define block CSTACK with size = 32K, alignment = 8 { };
define block HEAP with size = 64K, alignment = 8 { };
"P2":  place in [from 0x2000'0000 to 0x2003'ffff] {
          rw, block CSTACK, block HEAP };
initialize by copy { rw };

  Section               Kind         Address    Size  Object
  -------               ----         -------    ----  ------
"A0":                                          0x3c0
  .intvec               ro code          0x0   0x3c0  startup_TM4C1294.o [1]
                                     - 0x3c0   0x3c0

"P1":                                         0x35b9
  .text                 ro code        0x3c0   0x788  UART_inst.o [1]
  .text                 ro code        0xb48   0x2ac  sysctl.o [4]
  .text                 ro code        0xdf4   0x5f8  uartstdio.o [1]
  .text                 ro code       0x13ec   0x18c  gpio.o [4]
  .text                 ro code       0x1578   0x34c  rtx_mutex.o [2]
  .text                 ro code       0x18c4   0x6f0  rtx_msgqueue.o [2]
  .text                 ro code       0x1fb4    0x64  rtx_delay.o [2]
  .text                 ro code       0x2018   0x760  rtx_thread.o [2]
  .text                 ro code       0x2778   0x294  rtx_kernel.o [2]
  .text                 ro code       0x2a0c    0xf0  interrupt.o [4]
  .text                 ro code       0x2afc   0x112  uart.o [4]
  .text                 ro code       0x2c0e     0x2  rtx_evr.o [2]
  .text                 ro code       0x2c10     0x2  rtx_evr.o [2]
  .text                 ro code       0x2c12     0x2  rtx_evr.o [2]
  .text                 ro code       0x2c14    0xe6  rtx_mempool.o [2]
  .text                 ro code       0x2cfa    0x84  rtx_memory.o [2]
  .text                 ro code       0x2d7e     0x2  rtx_evr.o [2]
  .text                 ro code       0x2d80     0x2  rtx_evr.o [2]
  .text                 ro code       0x2d82     0x2  rtx_evr.o [2]
  .text                 ro code       0x2d84     0x2  rtx_evr.o [2]
  .text                 ro code       0x2d86     0x2  rtx_evr.o [2]
  .text                 ro code       0x2d88     0x2  rtx_evr.o [2]
  .text                 ro code       0x2d8a     0x2  rtx_evr.o [2]
  .text                 ro code       0x2d8c    0xa6  ABImemcpy.o [5]
  .text                 ro code       0x2e32     0x2  rtx_evr.o [2]
  .text                 ro code       0x2e34     0x2  rtx_evr.o [2]
  .text                 ro code       0x2e36     0x2  rtx_evr.o [2]
  .text                 ro code       0x2e38    0x4a  rtx_memory.o [2]
  .text                 ro code       0x2e82    0x3a  packbits_init_single.o [5]
  .text                 ro code       0x2ebc     0x6  ABImemclr.o [5]
  .text                 ro code       0x2ec2     0x2  rtx_evr.o [2]
  .text                 ro code       0x2ec4     0x2  rtx_evr.o [2]
  .text                 ro code       0x2ec6     0x2  rtx_evr.o [2]
  .text                 ro code       0x2ec8     0x2  rtx_evr.o [2]
  .text                 ro code       0x2eca     0x2  rtx_evr.o [2]
  .text                 ro code       0x2ecc     0x2  rtx_evr.o [2]
  .text                 ro code       0x2ece     0x2  rtx_evr.o [2]
  .text                 ro code       0x2ed0     0x2  rtx_evr.o [2]
  .text                 ro code       0x2ed2     0x2  rtx_evr.o [2]
  .text                 ro code       0x2ed4     0x2  rtx_evr.o [2]
  .text                 ro code       0x2ed6     0x2  rtx_evr.o [2]
  .text                 ro code       0x2ed8   0x174  rtx_system.o [2]
  .text                 ro code       0x304c     0x2  rtx_evr.o [2]
  .text                 ro code       0x304e     0x2  rtx_evr.o [2]
  .text                 ro code       0x3050     0x2  rtx_evr.o [2]
  .text                 ro code       0x3052     0x2  rtx_evr.o [2]
  .text                 ro code       0x3054     0x2  rtx_evr.o [2]
  .text                 ro code       0x3056     0x2  rtx_evr.o [2]
  .text                 ro code       0x3058     0x2  rtx_evr.o [2]
  .text                 ro code       0x305a     0x2  rtx_evr.o [2]
  .text                 ro code       0x305c     0x2  rtx_evr.o [2]
  .text                 ro code       0x305e     0x2  rtx_evr.o [2]
  .text                 ro code       0x3060     0x2  rtx_evr.o [2]
  .text                 ro code       0x3062     0x2  rtx_evr.o [2]
  .text                 ro code       0x3064    0x28  rtx_thread.o [2]
  .text                 ro code       0x308c     0x2  rtx_evr.o [2]
  .text                 ro code       0x308e     0x2  rtx_evr.o [2]
  .text                 ro code       0x3090     0x2  rtx_evr.o [2]
  .text                 ro code       0x3092     0x2  rtx_evr.o [2]
  .text                 ro code       0x3094     0x6  ABImemclr4.o [5]
  .text                 ro code       0x309a     0x2  rtx_evr.o [2]
  .text                 ro code       0x309c     0x2  rtx_evr.o [2]
  .text                 ro code       0x309e     0x2  rtx_evr.o [2]
  .text                 ro code       0x30a0     0x2  rtx_evr.o [2]
  .text                 ro code       0x30a2     0x2  rtx_evr.o [2]
  .text                 ro code       0x30a4     0x2  rtx_evr.o [2]
  .text                 ro code       0x30a6    0x44  rtx_memory.o [2]
  .text                 ro code       0x30ea     0x2  rtx_evr.o [2]
  .text                 ro code       0x30ec     0x2  rtx_evr.o [2]
  .text                 ro code       0x30ee     0x2  RTX_Config.o [1]
  .text                 ro code       0x30f0    0x40  os_systick.o [2]
  .text                 ro code       0x3130     0x6  os_systick.o [2]
  .text                 ro code       0x3136     0x2  startup_TM4C1294.o [1]
  .text                 ro code       0x3138    0x2c  os_systick.o [2]
  .text                 ro code       0x3164     0x2  rtx_evr.o [2]
  .text                 ro code       0x3166     0x2  rtx_lib.o [1]
  .text                 ro code       0x3168     0x2  rtx_evr.o [2]
  .text                 ro code       0x316a     0x2  rtx_evr.o [2]
  .text                 ro code       0x316c    0x10  cpu.o [4]
  .text                 ro code       0x317c     0x2  rtx_evr.o [2]
  .text                 ro code       0x317e     0x2  rtx_evr.o [2]
  .text                 ro code       0x3180     0x2  rtx_evr.o [2]
  .text                 ro code       0x3182     0x2  rtx_evr.o [2]
  .text                 ro code       0x3184     0x2  rtx_evr.o [2]
  .text                 ro code       0x3188    0x5e  ABImemset.o [5]
  .text                 ro code       0x31e8     0xc  os_systick.o [2]
  .text                 ro code       0x31f4    0x20  RTX_Config.o [1]
  .text                 ro code       0x3214    0x32  ABImemset48.o [5]
  .text                 ro code       0x3246     0x2  rtx_evr.o [2]
  .rodata               const         0x3248   0x1b0  sysctl.o [4]
  .text                 ro code       0x33f8    0xc4  irq_cm4f.o [2]
  .rodata               const         0x34bc    0x90  gpio.o [4]
  .text                 ro code       0x354c    0x90  rtx_timer.o [2]
  .rodata               const         0x35dc    0x6c  sysctl.o [4]
  .rodata               const         0x3648    0x68  rtx_lib.o [1]
  .text                 ro code       0x36b0    0x44  rtx_timer.o [2]
  .text                 ro code       0x36f4     0x2  rtx_evr.o [2]
  .text                 ro code       0x36f6    0x38  zero_init3.o [5]
  .rodata               const         0x3730    0x30  sysctl.o [4]
  .text                 ro code       0x3760    0x30  system_TM4C1294_TW.o [1]
  .text                 ro code       0x3790    0x28  data_init.o [5]
  .rodata               const         0x37b8    0x24  rtx_lib.o [1]
  .rodata               const         0x37dc    0x24  rtx_lib.o [1]
  .iar.init_table       const         0x3800    0x20  - Linker created -
  .text                 ro code       0x3820    0x1e  cmain.o [5]
  .text                 ro code       0x383e     0x4  low_level_init.o [3]
  .text                 ro code       0x3842     0x4  exit.o [3]
  .text                 ro code       0x3848     0xa  cexit.o [5]
  .text                 ro code       0x3854    0x14  exit.o [6]
  .text                 ro code       0x3868    0x1c  cstartup_M.o [5]
  .text                 ro code       0x3884    0x14  startup_TM4C1294.o [1]
  .rodata               const         0x3898    0x18  rtx_lib.o [1]
  .rodata               const         0x38b0    0x14  uartstdio.o [1]
  .rodata               const         0x38c4    0x10  rtx_lib.o [1]
  .rodata               const         0x38d4     0xc  rtx_lib.o [1]
  .rodata               const         0x38e0     0xc  uartstdio.o [1]
  .rodata               const         0x38ec     0xc  uartstdio.o [1]
  .rodata               const         0x38f8     0xc  uartstdio.o [1]
  .rodata               const         0x3904     0x8  UART_inst.o [1]
  .rodata               const         0x390c     0x8  UART_inst.o [1]
  .rodata               const         0x3914     0x8  UART_inst.o [1]
  .rodata               const         0x391c     0x8  UART_inst.o [1]
  .rodata               const         0x3924     0x8  UART_inst.o [1]
  .rodata               const         0x392c     0x8  UART_inst.o [1]
  .rodata               const         0x3934     0x8  UART_inst.o [1]
  .rodata               const         0x393c     0x8  UART_inst.o [1]
  .rodata               const         0x3944     0x8  UART_inst.o [1]
  .rodata               const         0x394c     0x8  UART_inst.o [1]
  .rodata               const         0x3954     0x8  UART_inst.o [1]
  .rodata               const         0x395c     0x8  uartstdio.o [1]
  .rodata               const         0x3964     0x4  rtx_lib.o [1]
  .rodata               const         0x3968     0x4  uartstdio.o [1]
  .rodata               const         0x396c     0x0  zero_init3.o [5]
  .rodata               const         0x396c     0x0  packbits_init_single.o [5]
  Initializer bytes     const         0x396c     0xd  <for P2-1>
                                    - 0x3979  0x35b9

"P2", part 1 of 3:                              0xa4
  P2-1                           0x2000'0000    0xa4  <Init block>
    .data.os            inited   0x2000'0000    0xa4  rtx_kernel.o [2]
                               - 0x2000'00a4    0xa4

"P2", part 2 of 3:                            0x180c
  .bss.os               zero     0x2000'00a8  0x1000  rtx_lib.o [1]
  .bss                  zero     0x2000'10a8   0x400  uartstdio.o [1]
  .bss.os.thread.stack  zero     0x2000'14a8   0x100  rtx_lib.o [1]
  .bss.os.thread.stack  zero     0x2000'15a8   0x100  rtx_lib.o [1]
  .bss                  zero     0x2000'16a8    0x80  uartstdio.o [1]
  .bss.os.msgqueue.mem  zero     0x2000'1728    0x50  rtx_lib.o [1]
  .bss.os.thread.cb     zero     0x2000'1778    0x44  rtx_lib.o [1]
  .bss.os.thread.cb     zero     0x2000'17bc    0x44  rtx_lib.o [1]
  .bss.os               zero     0x2000'1800    0x40  rtx_lib.o [1]
  .bss.os.msgqueue.cb   zero     0x2000'1840    0x34  rtx_lib.o [1]
  .bss                  zero     0x2000'1874     0x4  UART_inst.o [1]
  .bss                  zero     0x2000'1878     0x4  UART_inst.o [1]
  .bss                  zero     0x2000'187c     0x4  UART_inst.o [1]
  .bss                  zero     0x2000'1880     0x4  UART_inst.o [1]
  .bss                  zero     0x2000'1884     0x4  UART_inst.o [1]
  .bss                  zero     0x2000'1888     0x4  UART_inst.o [1]
  .bss                  zero     0x2000'188c     0x4  UART_inst.o [1]
  .bss                  zero     0x2000'1890     0x4  UART_inst.o [1]
  .bss                  zero     0x2000'1894     0x4  uartstdio.o [1]
  .bss                  zero     0x2000'1898     0x4  uartstdio.o [1]
  .bss                  zero     0x2000'189c     0x4  uartstdio.o [1]
  .bss                  zero     0x2000'18a0     0x4  uartstdio.o [1]
  .bss                  zero     0x2000'18a4     0x4  uartstdio.o [1]
  .bss                  zero     0x2000'18a8     0x4  uartstdio.o [1]
  .bss                  zero     0x2000'18ac     0x1  uartstdio.o [1]
  .bss                  zero     0x2000'18ad     0x1  uartstdio.o [1]
  .bss                  zero     0x2000'18ae     0x1  os_systick.o [2]
                               - 0x2000'18af  0x180b

"P2", part 3 of 3:                            0x8008
  .noinit               uninit   0x2000'18b0     0x4  system_TM4C1294_TW.o [1]
  CSTACK                         0x2000'18b8  0x8000  <Block>
    CSTACK              uninit   0x2000'18b8  0x8000  <Block tail>
                               - 0x2000'98b8  0x8008

Unused ranges:

         From           To      Size
         ----           --      ----
       0x3979     0xf'ffff  0xf'c687
  0x2000'98b8  0x2003'ffff  0x3'6748


*******************************************************************************
*** INIT TABLE
***

          Address      Size
          -------      ----
Zero (__iar_zero_init3)
    1 destination range, total size 0x1807:
          0x2000'00a8  0x1807

Copy/packbits (__iar_packbits_init_single3)
    1 source range, total size 0xd (7% of destination):
               0x396c     0xd
    1 destination range, total size 0xa4:
          0x2000'0000    0xa4



*******************************************************************************
*** MODULE SUMMARY
***

    Module                  ro code  ro data  rw data
    ------                  -------  -------  -------
command line/config:
    -------------------------------------------------
    Total:

D:\Users\Default\햞ea de Trabalho\Github\Projetos_Sistemas_Embarcados\Projeto_Final\TM4C1294_RTOS_IAR9\Projects\UART_inst\ewarm\Obj: [1]
    RTX_Config.o                 34
    UART_inst.o               1'928       88       32
    rtx_lib.o                     2      232    4'940
    startup_TM4C1294.o          982
    system_TM4C1294_TW.o         48                 4
    uartstdio.o               1'528       68    1'178
    -------------------------------------------------
    Total:                    4'522      388    6'154

RTX_CM.a: [2]
    irq_cm4f.o                  196
    os_systick.o                126                 1
    rtx_delay.o                 100
    rtx_evr.o                   116
    rtx_kernel.o                660       13      164
    rtx_memory.o                274
    rtx_mempool.o               230
    rtx_msgqueue.o            1'776
    rtx_mutex.o                 844
    rtx_system.o                372
    rtx_thread.o              1'928
    rtx_timer.o                 212
    -------------------------------------------------
    Total:                    6'834       13      165

dl7M_tln.a: [3]
    exit.o                        4
    low_level_init.o              4
    -------------------------------------------------
    Total:                        8

driverlib.a: [4]
    cpu.o                        16
    gpio.o                      396      144
    interrupt.o                 240
    sysctl.o                    684      588
    uart.o                      274
    -------------------------------------------------
    Total:                    1'610      732

rt7M_tl.a: [5]
    ABImemclr.o                   6
    ABImemclr4.o                  6
    ABImemcpy.o                 166
    ABImemset.o                  94
    ABImemset48.o                50
    cexit.o                      10
    cmain.o                      30
    cstartup_M.o                 28
    data_init.o                  40
    packbits_init_single.o       58
    zero_init3.o                 56
    -------------------------------------------------
    Total:                      544

shb_l.a: [6]
    exit.o                       20
    -------------------------------------------------
    Total:                       20

    Gaps                          8        2        4
    Linker created                        32   32'768
-----------------------------------------------------
    Grand Total:             13'546    1'167   39'091


*******************************************************************************
*** ENTRY LIST
***

Entry                       Address    Size  Type      Object
-----                       -------    ----  ----      ------
.iar.init_table$$Base        0x3800           --   Gb  - Linker created -
.iar.init_table$$Limit       0x3820           --   Gb  - Linker created -
?main                        0x3821          Code  Gb  cmain.o [5]
CPUcpsid                     0x316d     0x8  Code  Gb  cpu.o [4]
CPUcpsie                     0x3175     0x8  Code  Gb  cpu.o [4]
CSTACK$$Base            0x2000'18b8           --   Gb  - Linker created -
CSTACK$$Limit           0x2000'98b8           --   Gb  - Linker created -
EvrRtxDelay                  0x3055     0x2  Code  Gb  rtx_evr.o [2]
EvrRtxDelayCompleted         0x3053     0x2  Code  Gb  rtx_evr.o [2]
EvrRtxDelayError             0x3057     0x2  Code  Gb  rtx_evr.o [2]
EvrRtxDelayStarted           0x3051     0x2  Code  Gb  rtx_evr.o [2]
EvrRtxEventFlagsWaitTimeout
                             0x305b     0x2  Code  Gb  rtx_evr.o [2]
EvrRtxKernelError            0x30a5     0x2  Code  Gb  rtx_evr.o [2]
EvrRtxKernelGetState         0x30ed     0x2  Code  Gb  rtx_evr.o [2]
EvrRtxKernelInitialize       0x3169     0x2  Code  Gb  rtx_evr.o [2]
EvrRtxKernelInitialized
                             0x30eb     0x2  Code  Gb  rtx_evr.o [2]
EvrRtxKernelStart            0x316b     0x2  Code  Gb  rtx_evr.o [2]
EvrRtxKernelStarted          0x3165     0x2  Code  Gb  rtx_evr.o [2]
EvrRtxMemoryAlloc            0x3183     0x2  Code  Gb  rtx_evr.o [2]
EvrRtxMemoryBlockAlloc       0x317f     0x2  Code  Gb  rtx_evr.o [2]
EvrRtxMemoryBlockFree        0x3181     0x2  Code  Gb  rtx_evr.o [2]
EvrRtxMemoryBlockInit        0x317d     0x2  Code  Gb  rtx_evr.o [2]
EvrRtxMemoryFree             0x3185     0x2  Code  Gb  rtx_evr.o [2]
EvrRtxMemoryInit             0x3247     0x2  Code  Gb  rtx_evr.o [2]
EvrRtxMemoryPoolAllocTimeout
                             0x305f     0x2  Code  Gb  rtx_evr.o [2]
EvrRtxMessageQueueCreated
                             0x2ec3     0x2  Code  Gb  rtx_evr.o [2]
EvrRtxMessageQueueError
                             0x2e37     0x2  Code  Gb  rtx_evr.o [2]
EvrRtxMessageQueueGet        0x304f     0x2  Code  Gb  rtx_evr.o [2]
EvrRtxMessageQueueGetCount
                             0x2ed1     0x2  Code  Gb  rtx_evr.o [2]
EvrRtxMessageQueueGetPending
                             0x2ecb     0x2  Code  Gb  rtx_evr.o [2]
EvrRtxMessageQueueGetSpace
                             0x2ed3     0x2  Code  Gb  rtx_evr.o [2]
EvrRtxMessageQueueGetTimeout
                             0x2ecd     0x2  Code  Gb  rtx_evr.o [2]
EvrRtxMessageQueueInsertPending
                             0x304d     0x2  Code  Gb  rtx_evr.o [2]
EvrRtxMessageQueueInserted
                             0x2e33     0x2  Code  Gb  rtx_evr.o [2]
EvrRtxMessageQueueNew        0x2ed5     0x2  Code  Gb  rtx_evr.o [2]
EvrRtxMessageQueueNotInserted
                             0x2ec9     0x2  Code  Gb  rtx_evr.o [2]
EvrRtxMessageQueueNotRetrieved
                             0x2ecf     0x2  Code  Gb  rtx_evr.o [2]
EvrRtxMessageQueuePut        0x2ed7     0x2  Code  Gb  rtx_evr.o [2]
EvrRtxMessageQueuePutPending
                             0x2ec5     0x2  Code  Gb  rtx_evr.o [2]
EvrRtxMessageQueuePutTimeout
                             0x2ec7     0x2  Code  Gb  rtx_evr.o [2]
EvrRtxMessageQueueRetrieved
                             0x2e35     0x2  Code  Gb  rtx_evr.o [2]
EvrRtxMutexAcquire           0x2d89     0x2  Code  Gb  rtx_evr.o [2]
EvrRtxMutexAcquirePending
                             0x2d81     0x2  Code  Gb  rtx_evr.o [2]
EvrRtxMutexAcquireTimeout
                             0x2d83     0x2  Code  Gb  rtx_evr.o [2]
EvrRtxMutexAcquired          0x2c11     0x2  Code  Gb  rtx_evr.o [2]
EvrRtxMutexCreated           0x2d7f     0x2  Code  Gb  rtx_evr.o [2]
EvrRtxMutexError             0x2c13     0x2  Code  Gb  rtx_evr.o [2]
EvrRtxMutexNew               0x2d87     0x2  Code  Gb  rtx_evr.o [2]
EvrRtxMutexNotAcquired       0x2d85     0x2  Code  Gb  rtx_evr.o [2]
EvrRtxMutexRelease           0x2d8b     0x2  Code  Gb  rtx_evr.o [2]
EvrRtxMutexReleased          0x2c0f     0x2  Code  Gb  rtx_evr.o [2]
EvrRtxSemaphoreAcquireTimeout
                             0x305d     0x2  Code  Gb  rtx_evr.o [2]
EvrRtxThreadBlocked          0x308f     0x2  Code  Gb  rtx_evr.o [2]
EvrRtxThreadCreated          0x309b     0x2  Code  Gb  rtx_evr.o [2]
EvrRtxThreadDestroyed        0x309f     0x2  Code  Gb  rtx_evr.o [2]
EvrRtxThreadError            0x3093     0x2  Code  Gb  rtx_evr.o [2]
EvrRtxThreadExit             0x30a3     0x2  Code  Gb  rtx_evr.o [2]
EvrRtxThreadFlagsWaitCompleted
                             0x3091     0x2  Code  Gb  rtx_evr.o [2]
EvrRtxThreadFlagsWaitTimeout
                             0x3059     0x2  Code  Gb  rtx_evr.o [2]
EvrRtxThreadJoined           0x309d     0x2  Code  Gb  rtx_evr.o [2]
EvrRtxThreadNew              0x30a1     0x2  Code  Gb  rtx_evr.o [2]
EvrRtxThreadPreempted        0x3063     0x2  Code  Gb  rtx_evr.o [2]
EvrRtxThreadSwitched         0x308d     0x2  Code  Gb  rtx_evr.o [2]
EvrRtxThreadUnblocked        0x3061     0x2  Code  Gb  rtx_evr.o [2]
EvrRtxTimerCallback          0x36f5     0x2  Code  Gb  rtx_evr.o [2]
GPIODirModeSet               0x13ed    0x28  Code  Gb  gpio.o [4]
GPIOPadConfigSet             0x1415   0x102  Code  Gb  gpio.o [4]
GPIOPinConfigure             0x1537    0x36  Code  Gb  gpio.o [4]
GPIOPinTypeUART              0x1523    0x14  Code  Gb  gpio.o [4]
GetBufferCount                0xe23    0x16  Code  Lc  uartstdio.o [1]
IntDisable                   0x2a79    0x52  Code  Gb  interrupt.o [4]
IntEnable                    0x2a25    0x52  Code  Gb  interrupt.o [4]
IntMasterDisable             0x2a15     0x6  Code  Gb  interrupt.o [4]
IntMasterEnable              0x2a0d     0x8  Code  Gb  interrupt.o [4]
IsBufferEmpty                 0xe11    0x12  Code  Lc  uartstdio.o [1]
IsBufferFull                  0xdf5    0x1c  Code  Lc  uartstdio.o [1]
MessageQueueGet              0x1911    0x40  Code  Lc  rtx_msgqueue.o [2]
MessageQueuePut              0x18c5    0x4a  Code  Lc  rtx_msgqueue.o [2]
MessageQueueRemove           0x1951    0x1a  Code  Lc  rtx_msgqueue.o [2]
OS_Tick_AcknowledgeIRQ       0x31e9     0xc  Code  Gb  os_systick.o [2]
OS_Tick_Enable               0x3139    0x2c  Code  Gb  os_systick.o [2]
OS_Tick_GetIRQn              0x3131     0x6  Code  Gb  os_systick.o [2]
OS_Tick_Setup                0x30f1    0x40  Code  Gb  os_systick.o [2]
PendST                  0x2000'18ae     0x1  Data  Lc  os_systick.o [2]
PendSV_Handler               0x3491          Code  Gb  irq_cm4f.o [2]
Region$$Table$$Base          0x3800           --   Gb  - Linker created -
Region$$Table$$Limit         0x3820           --   Gb  - Linker created -
SVC_Handler                  0x33f9          Code  Gb  irq_cm4f.o [2]
SysCtlClockFreqSet            0xbb5   0x1fc  Code  Gb  sysctl.o [4]
SysCtlPeripheralEnable        0xb97     0x8  Code  Gb  sysctl.o [4]
SysCtlPeripheralPresent
                              0xb6b     0xa  Code  Gb  sysctl.o [4]
SysCtlPeripheralReady         0xb75     0x8  Code  Gb  sysctl.o [4]
SysTick_Handler              0x34a1          Code  Gb  irq_cm4f.o [2]
SystemCoreClock         0x2000'18b0     0x4  Data  Gb  system_TM4C1294_TW.o [1]
SystemInit                   0x3761    0x1c  Code  Gb  system_TM4C1294_TW.o [1]
ThreadFlagsCheck             0x2019    0x6c  Code  Lc  rtx_thread.o [2]
TimerInsert                  0x354d    0x38  Code  Lc  rtx_timer.o [2]
UART0_Handler                 0x415     0x8  Code  Gb  UART_inst.o [1]
UARTCharGetNonBlocking       0x2bbf    0x14  Code  Gb  uart.o [4]
UARTCharPutNonBlocking       0x2bd3    0x18  Code  Gb  uart.o [4]
UARTCharsAvail               0x2ba7     0x8  Code  Gb  uart.o [4]
UARTConfigSetExpClk          0x2b05    0x5c  Code  Gb  uart.o [4]
UARTDisable                  0x2b7b    0x22  Code  Gb  uart.o [4]
UARTEnable                   0x2b61    0x1a  Code  Gb  uart.o [4]
UARTFIFOLevelSet             0x2afd     0x8  Code  Gb  uart.o [4]
UARTFlushRx                  0x1223    0x1c  Code  Gb  uartstdio.o [1]
UARTFlushTx                  0x123f    0x30  Code  Gb  uartstdio.o [1]
UARTInit                      0x3c1    0x54  Code  Gb  UART_inst.o [1]
UARTIntClear                 0x2c09     0x6  Code  Gb  uart.o [4]
UARTIntDisable               0x2bf1     0x4  Code  Gb  uart.o [4]
UARTIntEnable                0x2beb     0x6  Code  Gb  uart.o [4]
UARTIntStatus                0x2bfd     0xc  Code  Gb  uart.o [4]
UARTPrimeTransmit             0xe39    0x7a  Code  Lc  uartstdio.o [1]
UARTRxBytesAvail             0x1215     0xe  Code  Gb  uartstdio.o [1]
UARTSpaceAvail               0x2baf     0x6  Code  Gb  uart.o [4]
UARTStdioConfig               0xeb3    0x92  Code  Gb  uartstdio.o [1]
UARTStdioIntHandler          0x1275   0x132  Code  Gb  uartstdio.o [1]
UARTStdioIntHandler::bLastWasCR
                        0x2000'18ad     0x1  Data  Lc  uartstdio.o [1]
UARTgets                      0xfef    0x62  Code  Gb  uartstdio.o [1]
UARTprintf                   0x1207     0xe  Code  Gb  uartstdio.o [1]
UARTvprintf                  0x1051   0x1b6  Code  Gb  uartstdio.o [1]
UARTwrite                     0xf45    0xaa  Code  Gb  uartstdio.o [1]
_SysCtlMemTimingGet           0xb49    0x22  Code  Lc  sysctl.o [4]
__Vectors                       0x0           --   Gb  startup_TM4C1294.o [1]
__Vectors_End                 0x3c0          Data  Gb  startup_TM4C1294.o [1]
__Vectors_Size {Abs}          0x3c0           --   Gb  startup_TM4C1294.o [1]
__aeabi_memclr               0x2ebd          Code  Gb  ABImemclr.o [5]
__aeabi_memclr4              0x3095          Code  Gb  ABImemclr4.o [5]
__aeabi_memcpy               0x2d8d          Code  Gb  ABImemcpy.o [5]
__aeabi_memcpy4              0x2dad          Code  Gb  ABImemcpy.o [5]
__aeabi_memcpy8              0x2dad          Code  Gb  ABImemcpy.o [5]
__cmain                      0x3821          Code  Gb  cmain.o [5]
__exit                       0x3855    0x14  Code  Gb  exit.o [6]
__iar_Memset4_word           0x3215          Code  Gb  ABImemset48.o [5]
__iar_Memset8_word           0x3215          Code  Gb  ABImemset48.o [5]
__iar_Memset_word            0x3189          Code  Gb  ABImemset.o [5]
__iar_data_init3             0x3791    0x28  Code  Gb  data_init.o [5]
__iar_init_vfp               0x388d          Code  Wk  startup_TM4C1294.o [1]
__iar_packbits_init_single3
                             0x2e83    0x3a  Code  Gb  packbits_init_single.o [5]
__iar_program_start          0x3869          Code  Gb  cstartup_M.o [5]
__iar_zero_init3             0x36f7    0x38  Code  Gb  zero_init3.o [5]
__low_level_init             0x383f     0x4  Code  Gb  low_level_init.o [3]
__vector_table                  0x0          Data  Gb  startup_TM4C1294.o [1]
__vector_table_0x1c            0x1c          Data  Gb  startup_TM4C1294.o [1]
_call_main                   0x382d          Code  Gb  cmain.o [5]
_exit                        0x3849          Code  Gb  cexit.o [5]
app_main                      0x9a1    0xee  Code  Gb  UART_inst.o [1]
exit                         0x3843     0x4  Code  Gb  exit.o [3]
fila_mensagem_cen       0x2000'188c     0x4  Data  Gb  UART_inst.o [1]
fila_mensagem_dir       0x2000'1890     0x4  Data  Gb  UART_inst.o [1]
fila_mensagem_esq       0x2000'1888     0x4  Data  Gb  UART_inst.o [1]
g_bDisableEcho          0x2000'18ac     0x1  Data  Lc  uartstdio.o [1]
g_pcHex                      0x3968     0x4  Data  Lc  uartstdio.o [1]
g_pcUARTRxBuffer        0x2000'16a8    0x80  Data  Lc  uartstdio.o [1]
g_pcUARTTxBuffer        0x2000'10a8   0x400  Data  Lc  uartstdio.o [1]
g_pppui32XTALtoVCO           0x3248   0x1b0  Data  Lc  sysctl.o [4]
g_pui32Dii16Regs             0x2ae8    0x14  Data  Lc  interrupt.o [4]
g_pui32EnRegs                0x2ad4    0x14  Data  Lc  interrupt.o [4]
g_pui32GPIOBaseAddrs         0x34bc    0x90  Data  Lc  gpio.o [4]
g_pui32VCOFrequencies         0xdec     0x8  Data  Lc  sysctl.o [4]
g_pui32Xtals                 0x35dc    0x6c  Data  Lc  sysctl.o [4]
g_sXTALtoMEMTIM              0x3730    0x30  Data  Lc  sysctl.o [4]
g_ui32Base              0x2000'18a4     0x4  Data  Lc  uartstdio.o [1]
g_ui32PortNum           0x2000'18a8     0x4  Data  Lc  uartstdio.o [1]
g_ui32UARTBase               0x38e0     0xc  Data  Lc  uartstdio.o [1]
g_ui32UARTInt                0x38ec     0xc  Data  Lc  uartstdio.o [1]
g_ui32UARTPeriph             0x38f8     0xc  Data  Lc  uartstdio.o [1]
g_ui32UARTRxReadIndex   0x2000'18a0     0x4  Data  Lc  uartstdio.o [1]
g_ui32UARTRxWriteIndex  0x2000'189c     0x4  Data  Lc  uartstdio.o [1]
g_ui32UARTTxReadIndex   0x2000'1898     0x4  Data  Lc  uartstdio.o [1]
g_ui32UARTTxWriteIndex  0x2000'1894     0x4  Data  Lc  uartstdio.o [1]
main                          0xa8f    0x5a  Code  Gb  UART_inst.o [1]
main_thread             0x2000'1880     0x4  Data  Gb  UART_inst.o [1]
osDelay                      0x1fd9    0x38  Code  Gb  rtx_delay.o [2]
osKernelGetState             0x2971    0x40  Code  Gb  rtx_kernel.o [2]
osKernelInitialize           0x2939    0x38  Code  Gb  rtx_kernel.o [2]
osKernelStart                0x29b1    0x34  Code  Gb  rtx_kernel.o [2]
osMessageQueueGet            0x1e7d    0x90  Code  Gb  rtx_msgqueue.o [2]
osMessageQueueGetCount       0x1f0d    0x38  Code  Gb  rtx_msgqueue.o [2]
osMessageQueueGetSpace       0x1f4d    0x44  Code  Gb  rtx_msgqueue.o [2]
osMessageQueueNew            0x1da5    0x3e  Code  Gb  rtx_msgqueue.o [2]
osMessageQueuePut            0x1de5    0x98  Code  Gb  rtx_msgqueue.o [2]
osMutexAcquire               0x1835    0x3e  Code  Gb  rtx_mutex.o [2]
osMutexNew                   0x17fd    0x36  Code  Gb  rtx_mutex.o [2]
osMutexRelease               0x1875    0x3a  Code  Gb  rtx_mutex.o [2]
osRtxConfig                  0x3648    0x68  Data  Gb  rtx_lib.o [1]
osRtxErrorNotify             0x31f5    0x20  Code  Gb  RTX_Config.o [1]
osRtxIdleThread              0x30ef     0x2  Code  Gb  RTX_Config.o [1]
osRtxInfo               0x2000'0000    0xa4  Data  Gb  rtx_kernel.o [2]
osRtxKernelPreInit           0x3167     0x2  Code  Gb  rtx_lib.o [1]
osRtxMemoryAlloc             0x2cfb    0x84  Code  Gb  rtx_memory.o [2]
osRtxMemoryFree              0x2e39    0x4a  Code  Gb  rtx_memory.o [2]
osRtxMemoryInit              0x30a7    0x44  Code  Gb  rtx_memory.o [2]
osRtxMemoryPoolAlloc         0x2c61    0x44  Code  Gb  rtx_mempool.o [2]
osRtxMemoryPoolFree          0x2ca5    0x56  Code  Gb  rtx_mempool.o [2]
osRtxMemoryPoolInit          0x2c15    0x4a  Code  Gb  rtx_mempool.o [2]
osRtxMessageQueuePostProcess
                             0x196b    0xe6  Code  Lc  rtx_msgqueue.o [2]
osRtxMutexOwnerRelease       0x1579    0x52  Code  Gb  rtx_mutex.o [2]
osRtxPendSV_Handler          0x2f49    0x8a  Code  Gb  rtx_system.o [2]
osRtxPostProcess             0x2fd5    0x6e  Code  Gb  rtx_system.o [2]
osRtxThreadBlock             0x22a3    0x34  Code  Lc  rtx_thread.o [2]
osRtxThreadDelayInsert       0x20fb    0x62  Code  Lc  rtx_thread.o [2]
osRtxThreadDelayRemove       0x215d    0x44  Code  Lc  rtx_thread.o [2]
osRtxThreadDelayTick         0x21a1    0xee  Code  Gb  rtx_thread.o [2]
osRtxThreadDispatch          0x22f3    0x54  Code  Gb  rtx_thread.o [2]
osRtxThreadFree              0x25e1    0x56  Code  Lc  rtx_thread.o [2]
osRtxThreadListGet           0x20a7    0x14  Code  Gb  rtx_thread.o [2]
osRtxThreadListPut           0x2085    0x22  Code  Gb  rtx_thread.o [2]
osRtxThreadListRemove        0x20dd    0x16  Code  Gb  rtx_thread.o [2]
osRtxThreadListSort          0x20bb    0x22  Code  Gb  rtx_thread.o [2]
osRtxThreadPostProcess       0x23bb    0x54  Code  Lc  rtx_thread.o [2]
osRtxThreadReadyPut          0x20f3     0x8  Code  Gb  rtx_thread.o [2]
osRtxThreadRegPtr            0x228f    0x14  Code  Gb  rtx_thread.o [2]
osRtxThreadStackCheck        0x3065    0x28  Code  Gb  rtx_thread.o [2]
osRtxThreadStartup           0x26c9    0x30  Code  Gb  rtx_thread.o [2]
osRtxThreadSwitch            0x22d7    0x1c  Code  Gb  rtx_thread.o [2]
osRtxThreadWaitEnter         0x2381    0x3a  Code  Gb  rtx_thread.o [2]
osRtxThreadWaitExit          0x234d    0x2e  Code  Gb  rtx_thread.o [2]
osRtxTick_Handler            0x2ed9    0x6e  Code  Gb  rtx_system.o [2]
osRtxTimerThread             0x36b1    0x44  Code  Gb  rtx_timer.o [2]
osRtxTimerTick               0x3585    0x54  Code  Lc  rtx_timer.o [2]
osRtxUserSVC                 0x3964     0x4  Data  Gb  rtx_lib.o [1]
osThreadExit                 0x2745    0x16  Code  Gb  rtx_thread.o [2]
osThreadNew                  0x26fd    0x40  Code  Gb  rtx_thread.o [2]
os_idle_thread_attr          0x37b8    0x24  Data  Lc  rtx_lib.o [1]
os_idle_thread_cb       0x2000'1778    0x44  Data  Lc  rtx_lib.o [1]
os_idle_thread_stack    0x2000'14a8   0x100  Data  Lc  rtx_lib.o [1]
os_isr_queue            0x2000'1800    0x40  Data  Lc  rtx_lib.o [1]
os_mem                  0x2000'00a8  0x1000  Data  Lc  rtx_lib.o [1]
os_timer_mq_attr             0x3898    0x18  Data  Lc  rtx_lib.o [1]
os_timer_mq_cb          0x2000'1840    0x34  Data  Lc  rtx_lib.o [1]
os_timer_mq_data        0x2000'1728    0x50  Data  Lc  rtx_lib.o [1]
os_timer_thread_attr         0x37dc    0x24  Data  Lc  rtx_lib.o [1]
os_timer_thread_cb      0x2000'17bc    0x44  Data  Lc  rtx_lib.o [1]
os_timer_thread_stack   0x2000'15a8   0x100  Data  Lc  rtx_lib.o [1]
svcRtxDelay                  0x1fb5    0x24  Code  Lc  rtx_delay.o [2]
svcRtxKernelGetState         0x288f    0x12  Code  Lc  rtx_kernel.o [2]
svcRtxKernelInitialize       0x2779   0x116  Code  Lc  rtx_kernel.o [2]
svcRtxKernelStart            0x28a1    0x96  Code  Lc  rtx_kernel.o [2]
svcRtxMessageQueueGet        0x1c55    0xe8  Code  Lc  rtx_msgqueue.o [2]
svcRtxMessageQueueGetCount
                             0x1d65    0x12  Code  Lc  rtx_msgqueue.o [2]
svcRtxMessageQueueGetSpace
                             0x1d7f    0x24  Code  Lc  rtx_msgqueue.o [2]
svcRtxMessageQueueNew        0x1a51   0x130  Code  Lc  rtx_msgqueue.o [2]
svcRtxMessageQueuePut        0x1b81    0xd4  Code  Lc  rtx_msgqueue.o [2]
svcRtxMutexAcquire           0x1649    0xd2  Code  Lc  rtx_mutex.o [2]
svcRtxMutexNew               0x15cb    0x7e  Code  Lc  rtx_mutex.o [2]
svcRtxMutexRelease           0x171b    0xd6  Code  Lc  rtx_mutex.o [2]
svcRtxThreadExit             0x2637    0x8e  Code  Lc  rtx_thread.o [2]
svcRtxThreadNew              0x240f   0x1cc  Code  Lc  rtx_thread.o [2]
thread_elevador               0x41d   0x584  Code  Gb  UART_inst.o [1]
tid_elevador_cen        0x2000'1878     0x4  Data  Gb  UART_inst.o [1]
tid_elevador_dir        0x2000'187c     0x4  Data  Gb  UART_inst.o [1]
tid_elevador_esq        0x2000'1874     0x4  Data  Gb  UART_inst.o [1]
uart_id                 0x2000'1884     0x4  Data  Gb  UART_inst.o [1]


[1] = D:\Users\Default\햞ea de Trabalho\Github\Projetos_Sistemas_Embarcados\Projeto_Final\TM4C1294_RTOS_IAR9\Projects\UART_inst\ewarm\Obj
[2] = RTX_CM.a
[3] = dl7M_tln.a
[4] = driverlib.a
[5] = rt7M_tl.a
[6] = shb_l.a

  13'546 bytes of readonly  code memory
   1'167 bytes of readonly  data memory
  39'091 bytes of readwrite data memory

Errors: none
Warnings: none
